2026-09-05T17:47:32.8490943Z 1c80c241b262c07f839b328bf3ebfec851118447
2026-09-05T17:47:32.8491537Z PRETTY_NAME="Ubuntu 24.04.4 LTS"
2026-09-05T17:47:32.8492002Z NAME="Ubuntu"
2026-09-05T17:47:32.8492357Z VERSION_ID="24.04"
2026-09-05T17:47:32.8492734Z VERSION="24.04.4 LTS (Noble Numbat)"
2026-09-05T17:47:32.8493196Z VERSION_CODENAME=noble
2026-09-05T17:47:32.8493562Z ID=ubuntu
2026-09-05T17:47:32.8493881Z ID_LIKE=debian
2026-09-05T17:47:32.8494341Z HOME_URL="https://www.ubuntu.com/"
2026-09-05T17:47:32.8495145Z SUPPORT_URL="https://help.ubuntu.com/"
2026-09-05T17:47:32.8495726Z BUG_REPORT_URL="https://bugs.launchpad.net/ubuntu/"
2026-09-05T17:47:32.8496540Z PRIVACY_POLICY_URL="https://www.ubuntu.com/legal/terms-and-policies/privacy-policy"
2026-09-05T17:47:32.8497306Z UBUNTU_CODENAME=noble
2026-09-05T17:47:32.8497684Z LOGO=ubuntu-logo
2026-09-05T17:47:32.8498027Z Linux x86_64
2026-09-05T17:47:32.8498390Z openjdk version "21.0.2" 2024-01-16
2026-09-05T17:47:32.8499394Z OpenJDK Runtime Environment GraalVM CE 21.0.2+13.1 (build 21.0.2+13-jvmci-23.1-b30)
2026-09-05T17:47:32.8500524Z OpenJDK 64-Bit Server VM GraalVM CE 21.0.2+13.1 (build 21.0.2+13-jvmci-23.1-b30, mixed mode, sharing)
2026-09-05T17:47:32.8501421Z javac 21.0.2
2026-09-05T17:47:32.8501825Z native-image 21.0.2 2024-01-16
2026-09-05T17:47:32.8502498Z GraalVM Runtime Environment GraalVM CE 21.0.2+13.1 (build 21.0.2+13-jvmci-23.1-b30)
2026-09-05T17:47:32.8503355Z Substrate VM GraalVM CE 21.0.2+13.1 (build 21.0.2+13, serial gc)
2026-09-05T17:47:32.8503996Z gcc (Ubuntu 13.3.0-6ubuntu2~24.04.1) 13.3.0
2026-09-05T17:47:32.8504564Z Copyright (C) 2023 Free Software Foundation, Inc.
2026-09-05T17:47:32.8505296Z This is free software; see the source for copying conditions.  There is NO
2026-09-05T17:47:32.8506193Z warranty; not even for MERCHANTABILITY or FITNESS FOR A PARTICULAR PURPOSE.
2026-09-05T17:47:32.8506750Z
2026-09-05T17:47:32.8506881Z glibc 2.39
2026-09-05T17:47:32.8507322Z ruby 3.2.3 (2024-01-18 revision 52bb2ac0a6) [x86_64-linux-gnu]
2026-09-05T17:47:32.8507873Z Python 3.12.3
2026-09-05T17:47:32.8508196Z GNU Make 4.3
2026-09-05T17:47:32.8508547Z Built for x86_64-pc-linux-gnu
2026-09-05T17:47:32.8509382Z Copyright (C) 1988-2020 Free Software Foundation, Inc.
2026-09-05T17:47:32.8510123Z License GPLv3+: GNU GPL version 3 or later <http://gnu.org/licenses/gpl.html>
2026-09-05T17:47:32.8510936Z This is free software: you are free to change and redistribute it.
2026-09-05T17:47:32.8511634Z There is NO WARRANTY, to the extent permitted by law.
2026-09-05T17:47:32.8512161Z tar (GNU tar) 1.35
2026-09-05T17:47:32.8512575Z Copyright (C) 2023 Free Software Foundation, Inc.
2026-09-05T17:47:32.8513358Z License GPLv3+: GNU GPL version 3 or later <https://gnu.org/licenses/gpl.html>.
2026-09-05T17:47:32.8514202Z This is free software: you are free to change and redistribute it.
2026-09-05T17:47:32.8514893Z There is NO WARRANTY, to the extent permitted by law.
2026-09-05T17:47:32.8515288Z
2026-09-05T17:47:32.8515477Z Written by John Gilmore and Jay Fenlason.
2026-09-05T17:47:32.8515968Z sha256sum (GNU coreutils) 9.4
2026-09-05T17:47:32.8516445Z Copyright (C) 2023 Free Software Foundation, Inc.
2026-09-05T17:47:32.8517017Z License GPLv3+: GNU GPL version 3 or later <https://gnu.org/licenses/gpl.html>.
2026-09-05T17:47:32.8517501Z This is free software: you are free to change and redistribute it.
2026-09-05T17:47:32.8517891Z There is NO WARRANTY, to the extent permitted by law.
2026-09-05T17:47:32.8518413Z
2026-09-05T17:47:32.8518592Z Written by Ulrich Drepper, Scott Miller, and David Madore.
2026-09-05T17:47:32.8519235Z GNU objdump (GNU Binutils for Ubuntu) 2.42
2026-09-05T17:47:32.8519589Z Copyright (C) 2024 Free Software Foundation, Inc.
2026-09-05T17:47:32.8519984Z This program is free software; you may redistribute it under the terms of
2026-09-05T17:47:32.8520468Z the GNU General Public License version 3 or (at your option) any later version.
2026-09-05T17:47:32.8520867Z This program has absolutely no warranty.
2026-09-05T17:47:32.8521124Z git version 2.55.0
2026-09-05T17:47:32.8521833Z curl 8.5.0 (x86_64-pc-linux-gnu) libcurl/8.5.0 OpenSSL/3.0.13 zlib/1.3 brotli/1.1.0 zstd/1.5.5 libidn2/2.3.7 libpsl/0.21.2 (+libidn2/2.3.7) libssh/0.10.6/openssl/zlib nghttp2/1.59.0 librtmp/2.3 OpenLDAP/2.6.10
2026-09-05T17:47:32.8522668Z Release-Date: 2023-12-06, security patched: 8.5.0-2ubuntu10.13
2026-09-05T17:47:32.8523353Z Protocols: dict file ftp ftps gopher gophers http https imap imaps ldap ldaps mqtt pop3 pop3s rtmp rtsp scp sftp smb smbs smtp smtps telnet tftp
2026-09-05T17:47:32.8524504Z Features: alt-svc AsynchDNS brotli GSS-API HSTS HTTP2 HTTPS-proxy IDN IPv6 Kerberos Largefile libz NTLM PSL SPNEGO SSL threadsafe TLS-SRP UnixSockets zstd
2026-09-05T17:47:32.8525144Z Command: make verify
2026-09-05T17:47:32.8561542Z scripts/check-yaml-schema.sh
2026-09-05T17:47:36.0914765Z Collecting attrs==26.1.0 (from -r dependencies/schema-test-requirements.txt (line 1))
2026-09-05T17:47:36.1325146Z   Downloading attrs-26.1.0-py3-none-any.whl.metadata (8.8 kB)
2026-09-05T17:47:36.1878918Z Collecting jsonschema==4.26.0 (from -r dependencies/schema-test-requirements.txt (line 2))
2026-09-05T17:47:36.1952826Z   Downloading jsonschema-4.26.0-py3-none-any.whl.metadata (7.6 kB)
2026-09-05T17:47:36.2193641Z Collecting jsonschema-specifications==2025.9.1 (from -r dependencies/schema-test-requirements.txt (line 3))
2026-09-05T17:47:36.2277689Z   Downloading jsonschema_specifications-2025.9.1-py3-none-any.whl.metadata (2.9 kB)
2026-09-05T17:47:36.2686640Z Collecting referencing==0.37.0 (from -r dependencies/schema-test-requirements.txt (line 4))
2026-09-05T17:47:36.2758822Z   Downloading referencing-0.37.0-py3-none-any.whl.metadata (2.8 kB)
2026-09-05T17:47:36.6030820Z Collecting rpds-py==2026.6.3 (from -r dependencies/schema-test-requirements.txt (line 5))
2026-09-05T17:47:36.6105136Z   Downloading rpds_py-2026.6.3-cp312-cp312-manylinux_2_17_x86_64.manylinux2014_x86_64.whl.metadata (4.1 kB)
2026-09-05T17:47:36.7652789Z Collecting ruamel.yaml==0.19.1 (from -r dependencies/schema-test-requirements.txt (line 6))
2026-09-05T17:47:36.7728412Z   Downloading ruamel_yaml-0.19.1-py3-none-any.whl.metadata (16 kB)
2026-09-05T17:47:36.8041738Z Collecting typing_extensions==4.16.0 (from -r dependencies/schema-test-requirements.txt (line 7))
2026-09-05T17:47:36.8112764Z   Downloading typing_extensions-4.16.0-py3-none-any.whl.metadata (3.3 kB)
2026-09-05T17:47:36.8715844Z Downloading attrs-26.1.0-py3-none-any.whl (67 kB)
2026-09-05T17:47:36.8815138Z    ━━━━━━━━━━━━━━━━━━━━━━━━━━━━━━━━━━━━━━━━ 67.5/67.5 kB 7.7 MB/s eta 0:00:00
2026-09-05T17:47:36.8884967Z Downloading jsonschema-4.26.0-py3-none-any.whl (90 kB)
2026-09-05T17:47:36.8978720Z    ━━━━━━━━━━━━━━━━━━━━━━━━━━━━━━━━━━━━━━━━ 90.6/90.6 kB 10.7 MB/s eta 0:00:00
2026-09-05T17:47:36.9051247Z Downloading jsonschema_specifications-2025.9.1-py3-none-any.whl (18 kB)
2026-09-05T17:47:36.9143400Z Downloading referencing-0.37.0-py3-none-any.whl (26 kB)
2026-09-05T17:47:36.9235212Z Downloading rpds_py-2026.6.3-cp312-cp312-manylinux_2_17_x86_64.manylinux2014_x86_64.whl (366 kB)
2026-09-05T17:47:36.9382369Z    ━━━━━━━━━━━━━━━━━━━━━━━━━━━━━━━━━━━━━━━━ 366.2/366.2 kB 27.9 MB/s eta 0:00:00
2026-09-05T17:47:36.9451461Z Downloading ruamel_yaml-0.19.1-py3-none-any.whl (118 kB)
2026-09-05T17:47:36.9494177Z    ━━━━━━━━━━━━━━━━━━━━━━━━━━━━━━━━━━━━━━━━ 118.1/118.1 kB 44.2 MB/s eta 0:00:00
2026-09-05T17:47:36.9563479Z Downloading typing_extensions-4.16.0-py3-none-any.whl (45 kB)
2026-09-05T17:47:36.9603215Z    ━━━━━━━━━━━━━━━━━━━━━━━━━━━━━━━━━━━━━━━━ 45.6/45.6 kB 15.4 MB/s eta 0:00:00
2026-09-05T17:47:37.0099389Z Installing collected packages: typing_extensions, ruamel.yaml, rpds-py, attrs, referencing, jsonschema-specifications, jsonschema
2026-09-05T17:47:37.2873032Z Successfully installed attrs-26.1.0 jsonschema-4.26.0 jsonschema-specifications-2025.9.1 referencing-0.37.0 rpds-py-2026.6.3 ruamel.yaml-0.19.1 typing_extensions-4.16.0
2026-09-05T17:47:37.6200829Z PASS independent Draft 2020-12 schema: 12 valid files, 17 structural/domain distinction cases
2026-09-05T17:47:37.6332293Z scripts/fetch-yaml-parser.sh
2026-09-05T17:47:37.9327850Z python3 scripts/generate-versions.py versions.properties build/maintained/generated
2026-09-05T17:47:37.9661356Z mkdir -p build/maintained/classes
2026-09-05T17:47:37.9740138Z javac -cp build/dependencies/snakeyaml-engine-3.1.1.jar --release 21 -Xlint:all -Werror -d build/maintained/classes src/main/java/engineering/artifacts/Artifacts.java src/main/java/engineering/artifacts/Checks.java src/main/java/engineering/artifacts/Command.java src/main/java/engineering/artifacts/Json.java src/main/java/engineering/artifacts/LinkMain.java src/main/java/engineering/artifacts/Linker.java src/main/java/engineering/artifacts/Problem.java src/main/java/engineering/artifacts/Snapshots.java src/main/java/engineering/verification/PlanCompiler.java src/main/java/engineering/verification/PlanMain.java src/main/java/engineering/verification/Verifier.java src/main/java/engineering/verification/VerifyMain.java src/main/java/mundanereq/Interpreter.java src/main/java/mundanereq/SourceFormat.java src/main/java/mundanereq/YamlRequirements.java src/main/java/mundanereq/cli/CommandOutput.java src/main/java/mundanereq/cli/CompileMain.java src/main/java/mundanereq/cli/FormatterMain.java src/main/java/mundanereq/cli/MigrateMain.java src/main/java/mundanereq/cli/SourceInvocation.java src/main/java/mundanereq/cli/TraceMain.java src/main/java/mundanereq/cli/ValidatorMain.java src/main/java/mundanereq/compile/SemanticArtifact.java src/main/java/mundanereq/format/SourceFormatter.java src/main/java/mundanereq/package-info.java src/main/java/mundanereq/source/ConcreteLine.java src/main/java/mundanereq/source/LineEnding.java src/main/java/mundanereq/source/PhysicalLine.java src/main/java/mundanereq/source/SourceDocument.java src/main/java/mundanereq/source/SourcePosition.java src/main/java/mundanereq/source/SourceSpan.java src/main/java/mundanereq/trace/TraceAnalyzer.java build/maintained/generated/mundanereq/Versions.java src/test/java/engineering/artifacts/ArtifactBoundaryTest.java src/test/java/engineering/verification/VerificationBoundaryTest.java src/test/java/mundanereq/InterpreterRegressionTest.java src/test/java/mundanereq/InterpreterTest.java src/test/java/mundanereq/InventoryMain.java src/test/java/mundanereq/SemanticConversionTest.java src/test/java/mundanereq/boundary/NativeBoundaryIsolationTest.java src/test/java/mundanereq/ci/CiWorkflowVerificationTest.java src/test/java/mundanereq/cli/CompileMainTest.java src/test/java/mundanereq/cli/FormatterMainTest.java src/test/java/mundanereq/cli/FormatterVerificationTest.java src/test/java/mundanereq/cli/TraceMainTest.java src/test/java/mundanereq/cli/TraceVerificationTest.java src/test/java/mundanereq/cli/ValidatorMainTest.java src/test/java/mundanereq/cli/ValidatorVerificationTest.java src/test/java/mundanereq/cli/YamlVerificationTest.java src/test/java/mundanereq/cli/YamlWorkflowTest.java src/test/java/mundanereq/distribution/NativeSuiteVerificationTest.java src/test/java/mundanereq/format/SourceFormatterTest.java src/test/java/mundanereq/smoke/MaintainedBuildTest.java src/test/java/mundanereq/source/SourceDocumentTest.java src/test/java/mundanereq/test/MaintainedTestSuite.java src/test/java/mundanereq/trace/TraceAnalyzerTest.java src/test/java/mundanereq/trial/IntegratedToolchainTrialTest.java src/test/java/mundanereq/trial/MultiAuthorLayoutTrialTest.java src/test/java/mundanereq/trial/OperationalCorpusVerificationTest.java
2026-09-05T17:47:40.6420639Z java -ea -cp build/maintained/classes:build/dependencies/snakeyaml-engine-3.1.1.jar mundanereq.test.MaintainedTestSuite
2026-09-05T17:47:40.7110606Z PASS maintained Java 21 project skeleton
2026-09-05T17:47:40.7307935Z PASS physical and concrete source representation
2026-09-05T17:47:40.7545782Z PASS concrete-to-semantic conversion
2026-09-05T17:47:40.8264432Z PASS maintained semantic interpretation
2026-09-05T17:47:40.8434936Z PASS equivalent layouts
2026-09-05T17:47:40.8500840Z PASS prose and math interpretation
2026-09-05T17:47:40.8510065Z PASS optional fields
2026-09-05T17:47:40.8541517Z PASS source comments
2026-09-05T17:47:40.8545980Z PASS line-ending equivalence
2026-09-05T17:47:40.8819977Z PASS source discovery
2026-09-05T17:47:40.8836690Z PASS explicit file discovery
2026-09-05T17:47:40.8843029Z PASS physical source diagnostics
2026-09-05T17:47:40.8843702Z PASS Unicode conformance edges
2026-09-05T17:47:40.8876256Z PASS record and field diagnostics
2026-09-05T17:47:40.8884810Z PASS math diagnostics
2026-09-05T17:47:40.8946627Z PASS identity and relationship diagnostics
2026-09-05T17:47:40.8949738Z Passed 12 maintained interpreter regression tests.
2026-09-05T17:47:40.9000382Z PASS validator command interface
2026-09-05T17:47:40.9008751Z PASS conservative source formatter
2026-09-05T17:47:40.9214044Z PASS formatter command interface
2026-09-05T17:47:40.9364517Z PASS decomposition trace analysis
2026-09-05T17:47:40.9609965Z PASS trace command interface
2026-09-05T17:47:40.9754147Z PASS frozen operational corpus profile
2026-09-05T17:47:41.3588138Z PASS YAML rules, migration, formatter snapshot protection and CLI output failures
2026-09-05T17:47:41.3918181Z PASS compiler output faults, invocation/input errors, exact retained spans and selected snapshots
2026-09-05T17:47:41.7625887Z PASS strict JSON boundary, Unicode/number roundtrip, linker output faults and detected snapshot changes
2026-09-05T17:47:42.0740371Z PASS plan/analyzer prefix, flush and stderr failures; plan snapshot change suppresses publication
2026-09-05T17:47:42.0741337Z Passed 15 maintained test groups.
2026-09-05T17:47:42.0857836Z native-image -O0 --no-fallback -march=compatibility -cp build/maintained/classes:build/dependencies/snakeyaml-engine-3.1.1.jar -o /home/runner/work/mundane-req/mundane-req/build/maintained/native-smoke mundanereq.smoke.MaintainedBuildTest
2026-09-05T17:47:44.1496692Z ========================================================================================================================
2026-09-05T17:47:44.1515346Z GraalVM Native Image: Generating 'native-smoke' (executable)...
2026-09-05T17:47:44.1516727Z ========================================================================================================================
2026-09-05T17:47:44.1517963Z For detailed information and explanations on the build output, visit:
2026-09-05T17:47:44.1519534Z https://github.com/oracle/graal/blob/master/docs/reference-manual/native-image/BuildOutput.md
2026-09-05T17:47:44.1520952Z ------------------------------------------------------------------------------------------------------------------------
2026-09-05T17:47:46.6916342Z [1/8] Initializing...                                                                                    (3.7s @ 0.07GB)
2026-09-05T17:47:46.6920756Z  Java version: 21.0.2+13, vendor version: GraalVM CE 21.0.2+13.1
2026-09-05T17:47:46.6926761Z  Graal compiler: optimization level: 0, target machine: compatibility
2026-09-05T17:47:46.6927805Z  C compiler: gcc (linux, x86_64, 13.3.0)
2026-09-05T17:47:46.6932201Z  Garbage collector: Serial GC (max heap size: 80% of RAM)
2026-09-05T17:47:46.6934473Z  1 user-specific feature(s):
2026-09-05T17:47:46.6937035Z  - com.oracle.svm.thirdparty.gson.GsonFeature
2026-09-05T17:47:46.6956818Z ------------------------------------------------------------------------------------------------------------------------
2026-09-05T17:47:46.6957978Z Build resources:
2026-09-05T17:47:46.6959277Z  - 9.38GB of memory (60.1% of 15.61GB system memory, determined at start)
2026-09-05T17:47:46.6960715Z  - 4 thread(s) (100.0% of 4 available processor(s), determined at start)
2026-09-05T17:48:04.8890754Z [2/8] Performing analysis...  [***]                                                                     (18.0s @ 0.30GB)
2026-09-05T17:48:04.8913361Z     3,335 reachable types   (74.1% of    4,501 total)
2026-09-05T17:48:04.8940823Z     3,975 reachable fields  (51.4% of    7,734 total)
2026-09-05T17:48:04.9093558Z    15,978 reachable methods (45.3% of   35,257 total)
2026-09-05T17:48:04.9096535Z     1,030 types,   210 fields, and   803 methods registered for reflection
2026-09-05T17:48:04.9098964Z        57 types,    57 fields, and    52 methods registered for JNI access
2026-09-05T17:48:04.9101317Z         4 native libraries: dl, pthread, rt, z
2026-09-05T17:48:07.2711205Z [3/8] Building universe...                                                                               (2.4s @ 0.33GB)
2026-09-05T17:48:09.8470871Z [4/8] Parsing methods...      [**]                                                                       (2.5s @ 0.26GB)
2026-09-05T17:48:10.2860631Z [5/8] Inlining methods...     [**]                                                                       (0.3s @ 0.29GB)
2026-09-05T17:48:27.0319759Z [6/8] Compiling methods...    [****]                                                                    (16.7s @ 0.70GB)
2026-09-05T17:48:28.3097098Z [7/8] Layouting methods...    [*]                                                                        (1.3s @ 0.60GB)
2026-09-05T17:48:29.9729104Z [8/8] Creating image...       [*]                                                                        (1.6s @ 0.50GB)
2026-09-05T17:48:29.9737665Z    5.00MB (34.62%) for code area:    13,148 compilation units
2026-09-05T17:48:29.9750586Z    8.79MB (60.83%) for image heap:  112,239 objects and 49 resources
2026-09-05T17:48:29.9765255Z  673.23kB ( 4.55%) for other data
2026-09-05T17:48:29.9770720Z   14.45MB in total
2026-09-05T17:48:29.9771763Z ------------------------------------------------------------------------------------------------------------------------
2026-09-05T17:48:29.9772871Z Top 10 origins of code area:                                Top 10 object types in image heap:
2026-09-05T17:48:29.9773485Z    3.73MB java.base                                            1.90MB byte[] for code metadata
2026-09-05T17:48:29.9774098Z  928.02kB svm.jar (Native Image)                               1.46MB byte[] for java.lang.String
2026-09-05T17:48:29.9774664Z  105.92kB java.logging                                         1.10MB java.lang.String
2026-09-05T17:48:29.9775228Z   59.46kB org.graalvm.nativeimage.base                       771.91kB java.lang.Class
2026-09-05T17:48:29.9775780Z   29.64kB jdk.proxy1                                         436.39kB heap alignment
2026-09-05T17:48:29.9776336Z   28.46kB jdk.proxy3                                         351.14kB java.util.HashMap$Node
2026-09-05T17:48:29.9776958Z   22.71kB jdk.internal.vm.ci                                 286.60kB com.oracle.svm.core.hub.DynamicHubCompanion
2026-09-05T17:48:29.9777838Z   20.38kB org.graalvm.collections                            247.17kB byte[] for general heap data
2026-09-05T17:48:29.9778488Z    8.15kB jdk.internal.vm.compiler                           234.91kB java.lang.String[]
2026-09-05T17:48:29.9779379Z    6.99kB jdk.proxy2                                         219.80kB java.lang.Object[]
2026-09-05T17:48:29.9780503Z    3.74kB for 4 more packages                                  1.84MB for 948 more object types
2026-09-05T17:48:29.9809848Z ------------------------------------------------------------------------------------------------------------------------
2026-09-05T17:48:29.9810807Z Recommendations:
2026-09-05T17:48:29.9820085Z  INIT: Adopt '--strict-image-heap' to prepare for the next GraalVM release.
2026-09-05T17:48:29.9820892Z  HEAP: Set max heap for improved and more predictable memory usage.
2026-09-05T17:48:29.9834433Z ------------------------------------------------------------------------------------------------------------------------
2026-09-05T17:48:29.9855669Z                         3.9s (8.1% of total time) in 201 GCs | Peak RSS: 1.28GB | CPU load: 3.62
2026-09-05T17:48:29.9856669Z ------------------------------------------------------------------------------------------------------------------------
2026-09-05T17:48:29.9857152Z Produced artifacts:
2026-09-05T17:48:29.9866715Z  /home/runner/work/mundane-req/mundane-req/build/maintained/native-smoke (executable)
2026-09-05T17:48:29.9867864Z ========================================================================================================================
2026-09-05T17:48:29.9868777Z Finished generating 'native-smoke' in 47.0s.
2026-09-05T17:48:30.3297910Z build/maintained/native-smoke
2026-09-05T17:48:30.3322089Z PASS maintained Java 21 project skeleton
2026-09-05T17:48:30.3327357Z native-image -O0 --no-fallback -march=compatibility -cp build/maintained/classes:build/dependencies/snakeyaml-engine-3.1.1.jar -o /home/runner/work/mundane-req/mundane-req/build/maintained/mundanereq-validate mundanereq.cli.ValidatorMain
2026-09-05T17:48:32.3497766Z ========================================================================================================================
2026-09-05T17:48:32.3510897Z GraalVM Native Image: Generating 'mundanereq-validate' (executable)...
2026-09-05T17:48:32.3520303Z ========================================================================================================================
2026-09-05T17:48:32.3521402Z For detailed information and explanations on the build output, visit:
2026-09-05T17:48:32.3522921Z https://github.com/oracle/graal/blob/master/docs/reference-manual/native-image/BuildOutput.md
2026-09-05T17:48:32.3524371Z ------------------------------------------------------------------------------------------------------------------------
2026-09-05T17:48:34.8012879Z [1/8] Initializing...                                                                                    (3.6s @ 0.06GB)
2026-09-05T17:48:34.8016150Z  Java version: 21.0.2+13, vendor version: GraalVM CE 21.0.2+13.1
2026-09-05T17:48:34.8020742Z  Graal compiler: optimization level: 0, target machine: compatibility
2026-09-05T17:48:34.8022586Z  C compiler: gcc (linux, x86_64, 13.3.0)
2026-09-05T17:48:34.8027810Z  Garbage collector: Serial GC (max heap size: 80% of RAM)
2026-09-05T17:48:34.8028579Z  1 user-specific feature(s):
2026-09-05T17:48:34.8030151Z  - com.oracle.svm.thirdparty.gson.GsonFeature
2026-09-05T17:48:34.8048432Z ------------------------------------------------------------------------------------------------------------------------
2026-09-05T17:48:34.8049614Z Build resources:
2026-09-05T17:48:34.8050192Z  - 9.56GB of memory (61.2% of 15.61GB system memory, determined at start)
2026-09-05T17:48:34.8060553Z  - 4 thread(s) (100.0% of 4 available processor(s), determined at start)
2026-09-05T17:48:54.6198649Z [2/8] Performing analysis...  [*****]                                                                   (19.7s @ 0.31GB)
2026-09-05T17:48:54.6224910Z     3,723 reachable types   (76.2% of    4,886 total)
2026-09-05T17:48:54.6267140Z     4,531 reachable fields  (53.8% of    8,425 total)
2026-09-05T17:48:54.6419712Z    17,351 reachable methods (46.8% of   37,070 total)
2026-09-05T17:48:54.6423156Z     1,118 types,   314 fields, and   835 methods registered for reflection
2026-09-05T17:48:54.6429809Z        57 types,    57 fields, and    52 methods registered for JNI access
2026-09-05T17:48:54.6430442Z         4 native libraries: dl, pthread, rt, z
2026-09-05T17:48:57.5037136Z [3/8] Building universe...                                                                               (2.9s @ 0.42GB)
2026-09-05T17:48:59.8830274Z [4/8] Parsing methods...      [**]                                                                       (2.3s @ 0.42GB)
2026-09-05T17:49:00.4258707Z [5/8] Inlining methods...     [**]                                                                       (0.4s @ 0.46GB)
2026-09-05T17:49:18.4119618Z [6/8] Compiling methods...    [****]                                                                    (18.0s @ 0.55GB)
2026-09-05T17:49:19.7714630Z [7/8] Layouting methods...    [*]                                                                        (1.4s @ 0.75GB)
2026-09-05T17:49:21.6255703Z [8/8] Creating image...       [*]                                                                        (1.8s @ 0.65GB)
2026-09-05T17:49:21.6259855Z    5.65MB (35.63%) for code area:    14,269 compilation units
2026-09-05T17:49:21.6260919Z    9.50MB (59.91%) for image heap:  120,204 objects and 49 resources
2026-09-05T17:49:21.6261793Z  723.78kB ( 4.46%) for other data
2026-09-05T17:49:21.6262530Z   15.86MB in total
2026-09-05T17:49:21.6263512Z ------------------------------------------------------------------------------------------------------------------------
2026-09-05T17:49:21.6265470Z Top 10 origins of code area:                                Top 10 object types in image heap:
2026-09-05T17:49:21.6271524Z    3.88MB java.base                                            2.14MB byte[] for code metadata
2026-09-05T17:49:21.6273304Z  937.65kB svm.jar (Native Image)                               1.55MB byte[] for java.lang.String
2026-09-05T17:49:21.6275657Z  312.93kB snakeyaml-engine-3.1.1.jar                           1.16MB java.lang.String
2026-09-05T17:49:21.6290201Z  141.03kB mundanereq                                         861.05kB java.lang.Class
2026-09-05T17:49:21.6291661Z  106.24kB java.logging                                       432.23kB heap alignment
2026-09-05T17:49:21.6293068Z   59.46kB org.graalvm.nativeimage.base                       351.23kB java.util.HashMap$Node
2026-09-05T17:49:21.6294156Z   29.64kB jdk.proxy1                                         319.95kB com.oracle.svm.core.hub.DynamicHubCompanion
2026-09-05T17:49:21.6295135Z   28.46kB jdk.proxy3                                         247.49kB byte[] for general heap data
2026-09-05T17:49:21.6296018Z   22.71kB jdk.internal.vm.ci                                 246.50kB java.lang.String[]
2026-09-05T17:49:21.6296880Z   20.55kB mundanereq.source                                  222.60kB java.lang.Object[]
2026-09-05T17:49:21.6297766Z   54.18kB for 7 more packages                                  2.04MB for 1017 more object types
2026-09-05T17:49:21.6313325Z ------------------------------------------------------------------------------------------------------------------------
2026-09-05T17:49:21.6314349Z Recommendations:
2026-09-05T17:49:21.6315157Z  INIT: Adopt '--strict-image-heap' to prepare for the next GraalVM release.
2026-09-05T17:49:21.6316030Z  HEAP: Set max heap for improved and more predictable memory usage.
2026-09-05T17:49:21.6348050Z ------------------------------------------------------------------------------------------------------------------------
2026-09-05T17:49:21.6352303Z                         3.8s (7.5% of total time) in 208 GCs | Peak RSS: 1.35GB | CPU load: 3.64
2026-09-05T17:49:21.6355444Z ------------------------------------------------------------------------------------------------------------------------
2026-09-05T17:49:21.6356644Z Produced artifacts:
2026-09-05T17:49:21.6368617Z  /home/runner/work/mundane-req/mundane-req/build/maintained/mundanereq-validate (executable)
2026-09-05T17:49:21.6370167Z ========================================================================================================================
2026-09-05T17:49:21.6372412Z Finished generating 'mundanereq-validate' in 50.4s.
2026-09-05T17:49:21.9804048Z build/maintained/mundanereq-validate --version
2026-09-05T17:49:21.9829599Z mundanereq-validate trial-0.1; source contract mundanereq-source-0.2
2026-09-05T17:49:21.9833739Z native-image -O0 --no-fallback -march=compatibility -cp build/maintained/classes:build/dependencies/snakeyaml-engine-3.1.1.jar -o /home/runner/work/mundane-req/mundane-req/build/maintained/mundanereq-format mundanereq.cli.FormatterMain
2026-09-05T17:49:23.9982518Z ========================================================================================================================
2026-09-05T17:49:24.0000102Z GraalVM Native Image: Generating 'mundanereq-format' (executable)...
2026-09-05T17:49:24.0019988Z ========================================================================================================================
2026-09-05T17:49:24.0023228Z For detailed information and explanations on the build output, visit:
2026-09-05T17:49:24.0024463Z https://github.com/oracle/graal/blob/master/docs/reference-manual/native-image/BuildOutput.md
2026-09-05T17:49:24.0025762Z ------------------------------------------------------------------------------------------------------------------------
2026-09-05T17:49:26.3648114Z [1/8] Initializing...                                                                                    (3.5s @ 0.06GB)
2026-09-05T17:49:26.3649553Z  Java version: 21.0.2+13, vendor version: GraalVM CE 21.0.2+13.1
2026-09-05T17:49:26.3658604Z  Graal compiler: optimization level: 0, target machine: compatibility
2026-09-05T17:49:26.3659590Z  C compiler: gcc (linux, x86_64, 13.3.0)
2026-09-05T17:49:26.3660772Z  Garbage collector: Serial GC (max heap size: 80% of RAM)
2026-09-05T17:49:26.3661357Z  1 user-specific feature(s):
2026-09-05T17:49:26.3662073Z  - com.oracle.svm.thirdparty.gson.GsonFeature
2026-09-05T17:49:26.3680417Z ------------------------------------------------------------------------------------------------------------------------
2026-09-05T17:49:26.3681452Z Build resources:
2026-09-05T17:49:26.3682436Z  - 9.55GB of memory (61.2% of 15.61GB system memory, determined at start)
2026-09-05T17:49:26.3683273Z  - 4 thread(s) (100.0% of 4 available processor(s), determined at start)
2026-09-05T17:49:49.6097494Z [2/8] Performing analysis...  [*****]                                                                   (23.1s @ 0.33GB)
2026-09-05T17:49:49.6118642Z     4,279 reachable types   (77.8% of    5,503 total)
2026-09-05T17:49:49.6149052Z     5,341 reachable fields  (53.9% of    9,902 total)
2026-09-05T17:49:49.6333850Z    19,929 reachable methods (48.9% of   40,769 total)
2026-09-05T17:49:49.6337232Z     1,380 types,   336 fields, and   985 methods registered for reflection
2026-09-05T17:49:49.6339546Z        57 types,    57 fields, and    52 methods registered for JNI access
2026-09-05T17:49:49.6342349Z         4 native libraries: dl, pthread, rt, z
2026-09-05T17:49:52.4881394Z [3/8] Building universe...                                                                               (2.9s @ 0.47GB)
2026-09-05T17:49:55.2369844Z [4/8] Parsing methods...      [**]                                                                       (2.7s @ 0.49GB)
2026-09-05T17:49:55.7834731Z [5/8] Inlining methods...     [**]                                                                       (0.4s @ 0.54GB)
2026-09-05T17:50:16.3339897Z [6/8] Compiling methods...    [****]                                                                    (20.5s @ 0.76GB)
2026-09-05T17:50:17.9631149Z [7/8] Layouting methods...    [*]                                                                        (1.6s @ 0.70GB)
2026-09-05T17:50:19.9926588Z [8/8] Creating image...       [*]                                                                        (2.0s @ 0.90GB)
2026-09-05T17:50:19.9933693Z    6.82MB (36.80%) for code area:    16,418 compilation units
2026-09-05T17:50:19.9936841Z   10.91MB (58.84%) for image heap:  141,350 objects and 49 resources
2026-09-05T17:50:19.9940818Z  826.00kB ( 4.35%) for other data
2026-09-05T17:50:19.9941771Z   18.53MB in total
2026-09-05T17:50:19.9942863Z ------------------------------------------------------------------------------------------------------------------------
2026-09-05T17:50:19.9949259Z Top 10 origins of code area:                                Top 10 object types in image heap:
2026-09-05T17:50:19.9953969Z    4.94MB java.base                                            2.56MB byte[] for code metadata
2026-09-05T17:50:19.9961045Z  967.01kB svm.jar (Native Image)                               1.79MB byte[] for java.lang.String
2026-09-05T17:50:19.9967441Z  312.93kB snakeyaml-engine-3.1.1.jar                           1.34MB java.lang.String
2026-09-05T17:50:19.9969293Z  141.16kB mundanereq                                         997.44kB java.lang.Class
2026-09-05T17:50:19.9989639Z  106.24kB java.logging                                       371.25kB java.util.HashMap$Node
2026-09-05T17:50:19.9990899Z   59.46kB org.graalvm.nativeimage.base                       367.73kB com.oracle.svm.core.hub.DynamicHubCompanion
2026-09-05T17:50:19.9992062Z   46.83kB jdk.crypto.ec                                      282.09kB java.lang.String[]
2026-09-05T17:50:19.9993025Z   34.88kB mundanereq.cli                                     259.99kB byte[] for general heap data
2026-09-05T17:50:19.9993954Z   29.64kB jdk.proxy1                                         252.70kB heap alignment
2026-09-05T17:50:19.9994889Z   28.46kB jdk.proxy3                                         247.43kB java.lang.Object[]
2026-09-05T17:50:19.9995919Z   83.64kB for 9 more packages                                  2.50MB for 1112 more object types
2026-09-05T17:50:20.0007750Z ------------------------------------------------------------------------------------------------------------------------
2026-09-05T17:50:20.0009391Z Recommendations:
2026-09-05T17:50:20.0010413Z  INIT: Adopt '--strict-image-heap' to prepare for the next GraalVM release.
2026-09-05T17:50:20.0011461Z  HEAP: Set max heap for improved and more predictable memory usage.
2026-09-05T17:50:20.0035222Z ------------------------------------------------------------------------------------------------------------------------
2026-09-05T17:50:20.0054329Z                         4.9s (8.5% of total time) in 215 GCs | Peak RSS: 1.47GB | CPU load: 3.65
2026-09-05T17:50:20.0057433Z ------------------------------------------------------------------------------------------------------------------------
2026-09-05T17:50:20.0058435Z Produced artifacts:
2026-09-05T17:50:20.0063156Z  /home/runner/work/mundane-req/mundane-req/build/maintained/mundanereq-format (executable)
2026-09-05T17:50:20.0064285Z ========================================================================================================================
2026-09-05T17:50:20.0065105Z Finished generating 'mundanereq-format' in 57.1s.
2026-09-05T17:50:20.3511120Z build/maintained/mundanereq-format --version
2026-09-05T17:50:20.3537105Z mundanereq-format trial-0.1; source contract mundanereq-source-0.2
2026-09-05T17:50:20.3542033Z native-image -O0 --no-fallback -march=compatibility -cp build/maintained/classes:build/dependencies/snakeyaml-engine-3.1.1.jar -o /home/runner/work/mundane-req/mundane-req/build/maintained/mundanereq-trace mundanereq.cli.TraceMain
2026-09-05T17:50:22.3610717Z ========================================================================================================================
2026-09-05T17:50:22.3629960Z GraalVM Native Image: Generating 'mundanereq-trace' (executable)...
2026-09-05T17:50:22.3631044Z ========================================================================================================================
2026-09-05T17:50:22.3632086Z For detailed information and explanations on the build output, visit:
2026-09-05T17:50:22.3633259Z https://github.com/oracle/graal/blob/master/docs/reference-manual/native-image/BuildOutput.md
2026-09-05T17:50:22.3634558Z ------------------------------------------------------------------------------------------------------------------------
2026-09-05T17:50:24.7847834Z [1/8] Initializing...                                                                                    (3.5s @ 0.07GB)
2026-09-05T17:50:24.7851997Z  Java version: 21.0.2+13, vendor version: GraalVM CE 21.0.2+13.1
2026-09-05T17:50:24.7857241Z  Graal compiler: optimization level: 0, target machine: compatibility
2026-09-05T17:50:24.7858457Z  C compiler: gcc (linux, x86_64, 13.3.0)
2026-09-05T17:50:24.7865340Z  Garbage collector: Serial GC (max heap size: 80% of RAM)
2026-09-05T17:50:24.7866355Z  1 user-specific feature(s):
2026-09-05T17:50:24.7868696Z  - com.oracle.svm.thirdparty.gson.GsonFeature
2026-09-05T17:50:24.7889994Z ------------------------------------------------------------------------------------------------------------------------
2026-09-05T17:50:24.7891234Z Build resources:
2026-09-05T17:50:24.7892028Z  - 9.52GB of memory (61.0% of 15.61GB system memory, determined at start)
2026-09-05T17:50:24.7892841Z  - 4 thread(s) (100.0% of 4 available processor(s), determined at start)
2026-09-05T17:50:45.1211761Z [2/8] Performing analysis...  [*****]                                                                   (20.1s @ 0.33GB)
2026-09-05T17:50:45.1235906Z     3,747 reachable types   (76.3% of    4,911 total)
2026-09-05T17:50:45.1264482Z     4,565 reachable fields  (54.0% of    8,461 total)
2026-09-05T17:50:45.1430432Z    17,471 reachable methods (47.0% of   37,187 total)
2026-09-05T17:50:45.1431502Z     1,119 types,   325 fields, and   845 methods registered for reflection
2026-09-05T17:50:45.1432711Z        57 types,    57 fields, and    52 methods registered for JNI access
2026-09-05T17:50:45.1435577Z         4 native libraries: dl, pthread, rt, z
2026-09-05T17:50:48.1552512Z [3/8] Building universe...                                                                               (3.0s @ 0.39GB)
2026-09-05T17:50:50.5860659Z [4/8] Parsing methods...      [**]                                                                       (2.4s @ 0.42GB)
2026-09-05T17:50:51.1324670Z [5/8] Inlining methods...     [**]                                                                       (0.4s @ 0.40GB)
2026-09-05T17:51:08.8390257Z [6/8] Compiling methods...    [****]                                                                    (17.7s @ 0.54GB)
2026-09-05T17:51:10.2011383Z [7/8] Layouting methods...    [*]                                                                        (1.4s @ 0.75GB)
2026-09-05T17:51:12.0386836Z [8/8] Creating image...       [*]                                                                        (1.8s @ 0.61GB)
2026-09-05T17:51:12.0387956Z    5.70MB (35.79%) for code area:    14,383 compilation units
2026-09-05T17:51:12.0393689Z    9.52MB (59.75%) for image heap:  120,696 objects and 49 resources
2026-09-05T17:51:12.0394616Z  728.72kB ( 4.47%) for other data
2026-09-05T17:51:12.0395267Z   15.93MB in total
2026-09-05T17:51:12.0396141Z ------------------------------------------------------------------------------------------------------------------------
2026-09-05T17:51:12.0403443Z Top 10 origins of code area:                                Top 10 object types in image heap:
2026-09-05T17:51:12.0409885Z    3.89MB java.base                                            2.15MB byte[] for code metadata
2026-09-05T17:51:12.0429233Z  945.20kB svm.jar (Native Image)                               1.55MB byte[] for java.lang.String
2026-09-05T17:51:12.0430238Z  312.93kB snakeyaml-engine-3.1.1.jar                           1.17MB java.lang.String
2026-09-05T17:51:12.0431128Z  140.91kB mundanereq                                         867.41kB java.lang.Class
2026-09-05T17:51:12.0431940Z  106.24kB java.logging                                       398.30kB heap alignment
2026-09-05T17:51:12.0432850Z   59.46kB org.graalvm.nativeimage.base                       351.23kB java.util.HashMap$Node
2026-09-05T17:51:12.0433911Z   33.25kB mundanereq.trace                                   322.01kB com.oracle.svm.core.hub.DynamicHubCompanion
2026-09-05T17:51:12.0440076Z   29.64kB jdk.proxy1                                         247.45kB byte[] for general heap data
2026-09-05T17:51:12.0440965Z   28.46kB jdk.proxy3                                         247.12kB java.lang.String[]
2026-09-05T17:51:12.0441802Z   22.71kB jdk.internal.vm.ci                                 222.73kB java.lang.Object[]
2026-09-05T17:51:12.0486827Z   77.39kB for 8 more packages                                  2.06MB for 1024 more object types
2026-09-05T17:51:12.0488285Z ------------------------------------------------------------------------------------------------------------------------
2026-09-05T17:51:12.0489480Z Recommendations:
2026-09-05T17:51:12.0490114Z  INIT: Adopt '--strict-image-heap' to prepare for the next GraalVM release.
2026-09-05T17:51:12.0490976Z  HEAP: Set max heap for improved and more predictable memory usage.
2026-09-05T17:51:12.0494708Z ------------------------------------------------------------------------------------------------------------------------
2026-09-05T17:51:12.0513004Z                         3.9s (7.6% of total time) in 206 GCs | Peak RSS: 1.41GB | CPU load: 3.64
2026-09-05T17:51:12.0514461Z ------------------------------------------------------------------------------------------------------------------------
2026-09-05T17:51:12.0515300Z Produced artifacts:
2026-09-05T17:51:12.0516880Z  /home/runner/work/mundane-req/mundane-req/build/maintained/mundanereq-trace (executable)
2026-09-05T17:51:12.0518032Z ========================================================================================================================
2026-09-05T17:51:12.0519874Z Finished generating 'mundanereq-trace' in 50.8s.
2026-09-05T17:51:12.3951866Z build/maintained/mundanereq-trace --version
2026-09-05T17:51:12.3976769Z mundanereq-trace trial-0.1; source contract mundanereq-source-0.2
2026-09-05T17:51:12.3981542Z java -ea -cp build/maintained/classes:build/dependencies/snakeyaml-engine-3.1.1.jar mundanereq.boundary.NativeBoundaryIsolationTest \
2026-09-05T17:51:12.3982595Z 	build/maintained/mundanereq-validate build/maintained/mundanereq-format build/maintained/mundanereq-trace
2026-09-05T17:51:12.5210255Z PASS independent native executable boundaries
2026-09-05T17:51:12.5277100Z java -ea -cp build/maintained/classes:build/dependencies/snakeyaml-engine-3.1.1.jar mundanereq.cli.ValidatorVerificationTest build/maintained/mundanereq-validate
2026-09-05T17:51:12.7456293Z PASS 9 valid project corpora
2026-09-05T17:51:12.8139112Z PASS 14 invalid conformance selections
2026-09-05T17:51:12.8680944Z PASS source selection and invocation classes
2026-09-05T17:51:13.1139989Z PASS bounded high-volume diagnostic capture
2026-09-05T17:51:13.1344108Z PASS diagnostic-guided repair workflows
2026-09-05T17:51:13.1433370Z OBSERVED native process duration: 3 ms (one-file corpus), 4 ms (20-file corpus); no threshold asserted.
2026-09-05T17:51:13.1434288Z PASS complete validator JVM/native verification
2026-09-05T17:51:13.1510196Z java -ea -cp build/maintained/classes:build/dependencies/snakeyaml-engine-3.1.1.jar mundanereq.cli.FormatterVerificationTest build/maintained/mundanereq-format
2026-09-05T17:51:13.6053270Z PASS semantic preservation and byte-identical idempotence across 30 source sets and 64 files
2026-09-05T17:51:13.6054506Z PASS ordered preservation of 37 comments and 102 opaque math lines
2026-09-05T17:51:13.6658407Z PASS formatter modes agree between JVM and native image
2026-09-05T17:51:13.6660150Z PASS complete formatter JVM/native verification
2026-09-05T17:51:13.6840244Z java -ea -cp build/maintained/classes:build/dependencies/snakeyaml-engine-3.1.1.jar mundanereq.cli.TraceVerificationTest build/maintained/mundanereq-trace
2026-09-05T17:51:13.7960806Z PASS published trace trial identity
2026-09-05T17:51:14.0670553Z PASS graph operations, layouts, ordering, ties, disconnection, and cycles
2026-09-05T17:51:14.1014730Z PASS missing-query and invalid-source behavior
2026-09-05T17:51:14.1209133Z PASS maintained UAS and transferred FRET corpus traces
2026-09-05T17:51:14.1712930Z PASS addition, split/retarget, coordinated-change, and retirement workflows
2026-09-05T17:51:14.1713912Z PASS complete trace JVM/native verification
2026-09-05T17:51:14.2003422Z test "/home/runner/work/mundane-req/mundane-req/build/maintained/package" = "/home/runner/work/mundane-req/mundane-req/build/maintained/package"
2026-09-05T17:51:14.2065115Z test "/home/runner/work/mundane-req/mundane-req/build/maintained/package/mundanereq-native-suite-trial-0.1-linux-x86_64-glibc2.34" = "/home/runner/work/mundane-req/mundane-req/build/maintained/package/mundanereq-native-suite-trial-0.1-linux-x86_64-glibc2.34"
2026-09-05T17:51:14.2071269Z test "$(uname -s)" = Linux
2026-09-05T17:51:14.2086683Z test "$(uname -m)" = x86_64
2026-09-05T17:51:14.2102832Z test "$(getconf GNU_LIBC_VERSION | sed 's/ .*//')" = glibc
2026-09-05T17:51:14.2125868Z test -f "/opt/hostedtoolcache/graalvm-community-jdk-21.0.2_linux-x64_bin/21.0.2/x64/graalvm-community-openjdk-21.0.2+13.1/LICENSE_NATIVEIMAGE.txt"
2026-09-05T17:51:14.2131946Z test -d "/opt/hostedtoolcache/graalvm-community-jdk-21.0.2_linux-x64_bin/21.0.2/x64/graalvm-community-openjdk-21.0.2+13.1/legal"
2026-09-05T17:51:14.2311934Z rm -rf "/home/runner/work/mundane-req/mundane-req/build/maintained/package/mundanereq-native-suite-trial-0.1-linux-x86_64-glibc2.34"
2026-09-05T17:51:14.2327430Z mkdir -p "build/maintained/package/mundanereq-native-suite-trial-0.1-linux-x86_64-glibc2.34/bin" "build/maintained/package/mundanereq-native-suite-trial-0.1-linux-x86_64-glibc2.34/docs/contracts" "build/maintained/package/mundanereq-native-suite-trial-0.1-linux-x86_64-glibc2.34/LICENSES/GraalVM-JDK"
2026-09-05T17:51:14.2345627Z install -m 755 "build/maintained/mundanereq-validate" "build/maintained/mundanereq-format" "build/maintained/mundanereq-trace" "build/maintained/package/mundanereq-native-suite-trial-0.1-linux-x86_64-glibc2.34/bin/"
2026-09-05T17:51:14.2527925Z install -m 644 distribution/README.md "build/maintained/package/mundanereq-native-suite-trial-0.1-linux-x86_64-glibc2.34/README.md"
2026-09-05T17:51:14.2548702Z install -m 644 distribution/validate.md distribution/format.md distribution/trace.md distribution/THIRD-PARTY-NOTICES.md "build/maintained/package/mundanereq-native-suite-trial-0.1-linux-x86_64-glibc2.34/docs/"
2026-09-05T17:51:14.2568318Z install -m 644 specification/0007-validator-trial-contract-0.1.md specification/0008-formatter-trial-contract-0.1.md specification/0009-trace-trial-contract-0.1.md "build/maintained/package/mundanereq-native-suite-trial-0.1-linux-x86_64-glibc2.34/docs/contracts/"
2026-09-05T17:51:14.2587382Z install -m 644 LICENSE "build/maintained/package/mundanereq-native-suite-trial-0.1-linux-x86_64-glibc2.34/LICENSES/mundanereq-BSD-3-Clause.txt"
2026-09-05T17:51:14.2604874Z install -m 644 dependencies/SnakeYAML-Engine-LICENSE.txt "build/maintained/package/mundanereq-native-suite-trial-0.1-linux-x86_64-glibc2.34/LICENSES/"
2026-09-05T17:51:14.2623078Z install -m 644 dependencies/README.md "build/maintained/package/mundanereq-native-suite-trial-0.1-linux-x86_64-glibc2.34/LICENSES/YAML-DEPENDENCY.md"
2026-09-05T17:51:14.2641124Z install -m 644 specification/0010-requirements-yaml-0.3.md specification/0011-tool-safety-and-yaml-commands.md "build/maintained/package/mundanereq-native-suite-trial-0.1-linux-x86_64-glibc2.34/docs/contracts/"
2026-09-05T17:51:14.2659995Z mkdir -p "build/maintained/package/mundanereq-native-suite-trial-0.1-linux-x86_64-glibc2.34/docs/contracts/schema"
2026-09-05T17:51:14.2676161Z install -m 644 specification/schema/requirements-yaml-0.3.json "build/maintained/package/mundanereq-native-suite-trial-0.1-linux-x86_64-glibc2.34/docs/contracts/schema/"
2026-09-05T17:51:14.2694790Z install -m 644 "/opt/hostedtoolcache/graalvm-community-jdk-21.0.2_linux-x64_bin/21.0.2/x64/graalvm-community-openjdk-21.0.2+13.1/LICENSE_NATIVEIMAGE.txt" "build/maintained/package/mundanereq-native-suite-trial-0.1-linux-x86_64-glibc2.34/LICENSES/GraalVM-Native-Image.txt"
2026-09-05T17:51:14.2714836Z cp -R "/opt/hostedtoolcache/graalvm-community-jdk-21.0.2_linux-x64_bin/21.0.2/x64/graalvm-community-openjdk-21.0.2+13.1/legal/." "build/maintained/package/mundanereq-native-suite-trial-0.1-linux-x86_64-glibc2.34/LICENSES/GraalVM-JDK/"
2026-09-05T17:51:14.2857621Z install -m 644 build/maintained/generated/versions.json "build/maintained/package/mundanereq-native-suite-trial-0.1-linux-x86_64-glibc2.34/VERSIONS.json"
2026-09-05T17:51:14.2875558Z native-image --version > "build/maintained/package/mundanereq-native-suite-trial-0.1-linux-x86_64-glibc2.34/BUILD-ENVIRONMENT.txt"
2026-09-05T17:51:14.2913903Z uname -srm >> "build/maintained/package/mundanereq-native-suite-trial-0.1-linux-x86_64-glibc2.34/BUILD-ENVIRONMENT.txt"
2026-09-05T17:51:14.2928048Z javac -version >> "build/maintained/package/mundanereq-native-suite-trial-0.1-linux-x86_64-glibc2.34/BUILD-ENVIRONMENT.txt" 2>&1
2026-09-05T17:51:14.4421374Z gcc --version | sed -n '1p' >> "build/maintained/package/mundanereq-native-suite-trial-0.1-linux-x86_64-glibc2.34/BUILD-ENVIRONMENT.txt"
2026-09-05T17:51:14.4443955Z ldd --version | sed -n '1p' >> "build/maintained/package/mundanereq-native-suite-trial-0.1-linux-x86_64-glibc2.34/BUILD-ENVIRONMENT.txt"
2026-09-05T17:51:14.4471012Z make --version | sed -n '1p' >> "build/maintained/package/mundanereq-native-suite-trial-0.1-linux-x86_64-glibc2.34/BUILD-ENVIRONMENT.txt"
2026-09-05T17:51:14.4490794Z tar --version | sed -n '1p' >> "build/maintained/package/mundanereq-native-suite-trial-0.1-linux-x86_64-glibc2.34/BUILD-ENVIRONMENT.txt"
2026-09-05T17:51:14.4512043Z sha256sum --version | sed -n '1p' >> "build/maintained/package/mundanereq-native-suite-trial-0.1-linux-x86_64-glibc2.34/BUILD-ENVIRONMENT.txt"
2026-09-05T17:51:14.4532367Z objdump --version | sed -n '1p' >> "build/maintained/package/mundanereq-native-suite-trial-0.1-linux-x86_64-glibc2.34/BUILD-ENVIRONMENT.txt"
2026-09-05T17:51:14.4557572Z getconf GNU_LIBC_VERSION >> "build/maintained/package/mundanereq-native-suite-trial-0.1-linux-x86_64-glibc2.34/BUILD-ENVIRONMENT.txt"
2026-09-05T17:51:14.4571445Z echo 'Native Image CPU target: compatibility (x86-64 baseline)' >> "build/maintained/package/mundanereq-native-suite-trial-0.1-linux-x86_64-glibc2.34/BUILD-ENVIRONMENT.txt"
2026-09-05T17:51:14.4578095Z echo 'Package glibc symbol ceiling: GLIBC_2.34' >> "build/maintained/package/mundanereq-native-suite-trial-0.1-linux-x86_64-glibc2.34/BUILD-ENVIRONMENT.txt"
2026-09-05T17:51:14.4586134Z sha256sum "build/maintained/package/mundanereq-native-suite-trial-0.1-linux-x86_64-glibc2.34"/bin/* | sed 's#  build/maintained/package/mundanereq-native-suite-trial-0.1-linux-x86_64-glibc2.34/#  #' > "build/maintained/package/mundanereq-native-suite-trial-0.1-linux-x86_64-glibc2.34/SHA256SUMS"
2026-09-05T17:51:14.4984736Z tar --sort=name --mtime='UTC 1970-01-01' --owner=0 --group=0 --numeric-owner -czf "build/maintained/package/mundanereq-native-suite-trial-0.1-linux-x86_64-glibc2.34.tar.gz" -C "build/maintained/package" "mundanereq-native-suite-trial-0.1-linux-x86_64-glibc2.34"
2026-09-05T17:51:16.8460793Z sha256sum "build/maintained/package/mundanereq-native-suite-trial-0.1-linux-x86_64-glibc2.34.tar.gz" | sed 's#  .*/#  #' > "build/maintained/package/mundanereq-native-suite-trial-0.1-linux-x86_64-glibc2.34.tar.gz.sha256"
2026-09-05T17:51:16.8666138Z java -ea -cp build/maintained/classes:build/dependencies/snakeyaml-engine-3.1.1.jar mundanereq.distribution.NativeSuiteVerificationTest "build/maintained/package/mundanereq-native-suite-trial-0.1-linux-x86_64-glibc2.34" "build/maintained/package/mundanereq-native-suite-trial-0.1-linux-x86_64-glibc2.34.tar.gz" "build/maintained/package/mundanereq-native-suite-trial-0.1-linux-x86_64-glibc2.34.tar.gz.sha256" "/opt/hostedtoolcache/graalvm-community-jdk-21.0.2_linux-x64_bin/21.0.2/x64/graalvm-community-openjdk-21.0.2+13.1"
2026-09-05T17:51:16.9470224Z PASS package documentation, contracts, binaries, and legal notices
2026-09-05T17:51:17.0340113Z PASS exact project and selected-GraalVM notice set
2026-09-05T17:51:17.0644109Z PASS x86-64 compatibility target and GLIBC_2.34 symbol ceiling
2026-09-05T17:51:17.0788080Z PASS three independent tool and source-contract identities
2026-09-05T17:51:17.0907630Z PASS representative independent packaged operations
2026-09-05T17:51:17.2238747Z PASS packaged binary checksums
2026-09-05T17:51:18.4361931Z PASS exact safe archive and basename sidecar checksum
2026-09-05T17:51:18.4730280Z PASS each tool performs its purpose with no sibling installed
2026-09-05T17:51:18.4731018Z PASS complete native-suite package verification
2026-09-05T17:51:18.4810327Z java -ea -cp build/maintained/classes:build/dependencies/snakeyaml-engine-3.1.1.jar mundanereq.ci.CiWorkflowVerificationTest \
2026-09-05T17:51:18.4811874Z 	build/maintained/mundanereq-format build/maintained/mundanereq-validate build/maintained/mundanereq-trace
2026-09-05T17:51:18.6654355Z PASS clean-checkout commands, attributed failures, disposable output, and trace removal
2026-09-05T17:51:18.6721275Z java -ea -cp build/maintained/classes:build/dependencies/snakeyaml-engine-3.1.1.jar mundanereq.trial.IntegratedToolchainTrialTest \
2026-09-05T17:51:18.6722447Z 	build/maintained/mundanereq-format build/maintained/mundanereq-validate build/maintained/mundanereq-trace
2026-09-05T17:51:19.0063378Z PASS two deterministic branch-to-baseline workflows with and without trace
2026-09-05T17:51:19.0127366Z java -ea -cp build/maintained/classes:build/dependencies/snakeyaml-engine-3.1.1.jar mundanereq.trial.MultiAuthorLayoutTrialTest \
2026-09-05T17:51:19.0128655Z 	build/maintained/mundanereq-format build/maintained/mundanereq-validate build/maintained/mundanereq-trace
2026-09-05T17:51:19.6752430Z OBSERVED SEPARATED SUBJECT baseline-files=6 final-files=6 changed-paths=2 conflicted-files=0 conflict-hunks=0 fingerprint=8e98c145ac6ac798ef627a539fb2077300d1128597d8551de585b4658f8ec060
2026-09-05T17:51:19.6761209Z OBSERVED SEPARATED ONE_RECORD baseline-files=60 final-files=60 changed-paths=2 conflicted-files=0 conflict-hunks=0 fingerprint=8e98c145ac6ac798ef627a539fb2077300d1128597d8551de585b4658f8ec060
2026-09-05T17:51:20.0821670Z OBSERVED OVERLAP SUBJECT baseline-files=6 final-files=6 changed-paths=1 conflicted-files=1 conflict-hunks=1 fingerprint=4d397b13f5375fa13cd7610aabcec648c8a397dd3fd6df1e12b8392d5d83bdc9
2026-09-05T17:51:20.0824312Z OBSERVED OVERLAP ONE_RECORD baseline-files=60 final-files=60 changed-paths=1 conflicted-files=1 conflict-hunks=1 fingerprint=4d397b13f5375fa13cd7610aabcec648c8a397dd3fd6df1e12b8392d5d83bdc9
2026-09-05T17:51:20.4631495Z OBSERVED MOVE_EDIT SUBJECT baseline-files=6 final-files=6 changed-paths=2 conflicted-files=1 conflict-hunks=1 fingerprint=097b76977cbf425f64f8f55c557740aacabe60ff49d326b6b6ab4d79d5574e3f
2026-09-05T17:51:20.4637068Z OBSERVED MOVE_EDIT ONE_RECORD baseline-files=60 final-files=60 changed-paths=2 conflicted-files=0 conflict-hunks=0 fingerprint=097b76977cbf425f64f8f55c557740aacabe60ff49d326b6b6ab4d79d5574e3f
2026-09-05T17:51:20.8474694Z OBSERVED RETARGET SUBJECT baseline-files=6 final-files=6 changed-paths=1 conflicted-files=1 conflict-hunks=1 fingerprint=66e71cd30c8a9953956a6e9c777a66c15ae3e94721ae5f6121fb1ed51f42425f
2026-09-05T17:51:20.8478438Z OBSERVED RETARGET ONE_RECORD baseline-files=61 final-files=61 changed-paths=1 conflicted-files=1 conflict-hunks=1 fingerprint=66e71cd30c8a9953956a6e9c777a66c15ae3e94721ae5f6121fb1ed51f42425f
2026-09-05T17:51:20.9020596Z PASS controlled two-author histories and equivalent final semantics
2026-09-05T17:51:20.9106308Z experiments/0015-independent-conformance/compare.rb \
2026-09-05T17:51:20.9106931Z 	build/maintained/mundanereq-validate build/maintained/independent-conformance
2026-09-05T17:51:21.8959853Z PASS 16 independent verdicts and both complete semantic inventories agree
2026-09-05T17:51:21.8989736Z native-image -O0 --no-fallback -march=compatibility -cp build/maintained/classes:build/dependencies/snakeyaml-engine-3.1.1.jar -o /home/runner/work/mundane-req/mundane-req/build/maintained/mundanereq-migrate mundanereq.cli.MigrateMain
2026-09-05T17:51:23.9238852Z ========================================================================================================================
2026-09-05T17:51:23.9252175Z GraalVM Native Image: Generating 'mundanereq-migrate' (executable)...
2026-09-05T17:51:23.9253473Z ========================================================================================================================
2026-09-05T17:51:23.9254544Z For detailed information and explanations on the build output, visit:
2026-09-05T17:51:23.9255857Z https://github.com/oracle/graal/blob/master/docs/reference-manual/native-image/BuildOutput.md
2026-09-05T17:51:23.9257299Z ------------------------------------------------------------------------------------------------------------------------
2026-09-05T17:51:26.2997698Z [1/8] Initializing...                                                                                    (3.5s @ 0.07GB)
2026-09-05T17:51:26.3000109Z  Java version: 21.0.2+13, vendor version: GraalVM CE 21.0.2+13.1
2026-09-05T17:51:26.3010324Z  Graal compiler: optimization level: 0, target machine: compatibility
2026-09-05T17:51:26.3011036Z  C compiler: gcc (linux, x86_64, 13.3.0)
2026-09-05T17:51:26.3011644Z  Garbage collector: Serial GC (max heap size: 80% of RAM)
2026-09-05T17:51:26.3012237Z  1 user-specific feature(s):
2026-09-05T17:51:26.3012767Z  - com.oracle.svm.thirdparty.gson.GsonFeature
2026-09-05T17:51:26.3030163Z ------------------------------------------------------------------------------------------------------------------------
2026-09-05T17:51:26.3033889Z Build resources:
2026-09-05T17:51:26.3034458Z  - 9.32GB of memory (59.7% of 15.61GB system memory, determined at start)
2026-09-05T17:51:26.3035284Z  - 4 thread(s) (100.0% of 4 available processor(s), determined at start)
2026-09-05T17:51:45.8784903Z [2/8] Performing analysis...  [*****]                                                                   (19.4s @ 0.35GB)
2026-09-05T17:51:45.8808851Z     3,726 reachable types   (76.2% of    4,888 total)
2026-09-05T17:51:45.8840638Z     4,533 reachable fields  (53.8% of    8,431 total)
2026-09-05T17:51:45.9010564Z    17,397 reachable methods (46.9% of   37,101 total)
2026-09-05T17:51:45.9020584Z     1,116 types,   312 fields, and   834 methods registered for reflection
2026-09-05T17:51:45.9021365Z        57 types,    57 fields, and    52 methods registered for JNI access
2026-09-05T17:51:45.9021973Z         4 native libraries: dl, pthread, rt, z
2026-09-05T17:51:48.8767445Z [3/8] Building universe...                                                                               (3.0s @ 0.35GB)
2026-09-05T17:51:51.1350711Z [4/8] Parsing methods...      [**]                                                                       (2.2s @ 0.46GB)
2026-09-05T17:51:51.6280504Z [5/8] Inlining methods...     [**]                                                                       (0.4s @ 0.43GB)
2026-09-05T17:52:09.4323846Z [6/8] Compiling methods...    [****]                                                                    (17.8s @ 0.75GB)
2026-09-05T17:52:10.8426437Z [7/8] Layouting methods...    [*]                                                                        (1.4s @ 0.65GB)
2026-09-05T17:52:12.7215592Z [8/8] Creating image...       [*]                                                                        (1.8s @ 0.47GB)
2026-09-05T17:52:12.7220593Z    5.67MB (35.69%) for code area:    14,300 compilation units
2026-09-05T17:52:12.7240387Z    9.51MB (59.86%) for image heap:  120,183 objects and 49 resources
2026-09-05T17:52:12.7242165Z  724.53kB ( 4.45%) for other data
2026-09-05T17:52:12.7245131Z   15.89MB in total
2026-09-05T17:52:12.7245912Z ------------------------------------------------------------------------------------------------------------------------
2026-09-05T17:52:12.7246798Z Top 10 origins of code area:                                Top 10 object types in image heap:
2026-09-05T17:52:12.7247671Z    3.89MB java.base                                            2.14MB byte[] for code metadata
2026-09-05T17:52:12.7248534Z  938.00kB svm.jar (Native Image)                               1.55MB byte[] for java.lang.String
2026-09-05T17:52:12.7249717Z  312.93kB snakeyaml-engine-3.1.1.jar                           1.16MB java.lang.String
2026-09-05T17:52:12.7250559Z  139.87kB mundanereq                                         861.73kB java.lang.Class
2026-09-05T17:52:12.7251320Z  106.24kB java.logging                                       431.87kB heap alignment
2026-09-05T17:52:12.7252096Z   59.46kB org.graalvm.nativeimage.base                       351.23kB java.util.HashMap$Node
2026-09-05T17:52:12.7253005Z   29.64kB jdk.proxy1                                         320.20kB com.oracle.svm.core.hub.DynamicHubCompanion
2026-09-05T17:52:12.7254188Z   28.46kB jdk.proxy3                                         247.49kB byte[] for general heap data
2026-09-05T17:52:12.7255004Z   24.40kB mundanereq.cli                                     246.66kB java.lang.String[]
2026-09-05T17:52:12.7255805Z   22.71kB jdk.internal.vm.ci                                 222.68kB java.lang.Object[]
2026-09-05T17:52:12.7256698Z   59.42kB for 7 more packages                                  2.04MB for 1017 more object types
2026-09-05T17:52:12.7270899Z ------------------------------------------------------------------------------------------------------------------------
2026-09-05T17:52:12.7271932Z Recommendations:
2026-09-05T17:52:12.7290156Z  INIT: Adopt '--strict-image-heap' to prepare for the next GraalVM release.
2026-09-05T17:52:12.7290677Z  HEAP: Set max heap for improved and more predictable memory usage.
2026-09-05T17:52:12.7310462Z ------------------------------------------------------------------------------------------------------------------------
2026-09-05T17:52:12.7338763Z                         3.9s (7.8% of total time) in 184 GCs | Peak RSS: 1.38GB | CPU load: 3.63
2026-09-05T17:52:12.7350246Z ------------------------------------------------------------------------------------------------------------------------
2026-09-05T17:52:12.7350902Z Produced artifacts:
2026-09-05T17:52:12.7352212Z  /home/runner/work/mundane-req/mundane-req/build/maintained/mundanereq-migrate (executable)
2026-09-05T17:52:12.7352944Z ========================================================================================================================
2026-09-05T17:52:12.7353511Z Finished generating 'mundanereq-migrate' in 49.9s.
2026-09-05T17:52:13.0797227Z build/maintained/mundanereq-migrate --version
2026-09-05T17:52:13.0822583Z mundanereq-migrate trial-0.1; mundanereq-source-0.2 -> mundanereq-yaml-0.3
2026-09-05T17:52:13.0827157Z java -ea -cp build/maintained/classes:build/dependencies/snakeyaml-engine-3.1.1.jar mundanereq.cli.YamlVerificationTest build/maintained/mundanereq-validate build/maintained/mundanereq-format build/maintained/mundanereq-trace build/maintained/mundanereq-migrate
2026-09-05T17:52:28.9057092Z PASS 120 equivalent requirements across 3 migration corpora; 18 golden invalid cases; JVM/native validation, trace, formatting, migration, closed descriptors and broken pipes
2026-09-05T17:52:28.9152771Z python3 scripts/check-versions.py "trial-0.1"
2026-09-05T17:52:30.4979614Z PASS independent version declarations, actual CLI metadata, stale metadata and isolated version-domain mutation
2026-09-05T17:52:30.5047497Z native-image -O0 --no-fallback -march=compatibility -cp build/maintained/classes:build/dependencies/snakeyaml-engine-3.1.1.jar -o /home/runner/work/mundane-req/mundane-req/build/maintained/mundanereq-compile mundanereq.cli.CompileMain
2026-09-05T17:52:32.5068157Z ========================================================================================================================
2026-09-05T17:52:32.5099989Z GraalVM Native Image: Generating 'mundanereq-compile' (executable)...
2026-09-05T17:52:32.5101001Z ========================================================================================================================
2026-09-05T17:52:32.5101814Z For detailed information and explanations on the build output, visit:
2026-09-05T17:52:32.5102788Z https://github.com/oracle/graal/blob/master/docs/reference-manual/native-image/BuildOutput.md
2026-09-05T17:52:32.5103862Z ------------------------------------------------------------------------------------------------------------------------
2026-09-05T17:52:34.8910629Z [1/8] Initializing...                                                                                    (3.5s @ 0.06GB)
2026-09-05T17:52:34.8913807Z  Java version: 21.0.2+13, vendor version: GraalVM CE 21.0.2+13.1
2026-09-05T17:52:34.8918098Z  Graal compiler: optimization level: 0, target machine: compatibility
2026-09-05T17:52:34.8920759Z  C compiler: gcc (linux, x86_64, 13.3.0)
2026-09-05T17:52:34.8926001Z  Garbage collector: Serial GC (max heap size: 80% of RAM)
2026-09-05T17:52:34.8927493Z  1 user-specific feature(s):
2026-09-05T17:52:34.8928261Z  - com.oracle.svm.thirdparty.gson.GsonFeature
2026-09-05T17:52:34.8945514Z ------------------------------------------------------------------------------------------------------------------------
2026-09-05T17:52:34.8946524Z Build resources:
2026-09-05T17:52:34.8947296Z  - 9.27GB of memory (59.4% of 15.61GB system memory, determined at start)
2026-09-05T17:52:34.8948302Z  - 4 thread(s) (100.0% of 4 available processor(s), determined at start)
2026-09-05T17:52:55.7333132Z [2/8] Performing analysis...  [*****]                                                                   (20.7s @ 0.35GB)
2026-09-05T17:52:55.7380130Z     3,850 reachable types   (76.0% of    5,068 total)
2026-09-05T17:52:55.7388291Z     4,681 reachable fields  (52.3% of    8,953 total)
2026-09-05T17:52:55.7562522Z    17,980 reachable methods (47.3% of   38,007 total)
2026-09-05T17:52:55.7570694Z     1,160 types,   323 fields, and   873 methods registered for reflection
2026-09-05T17:52:55.7571481Z        57 types,    57 fields, and    52 methods registered for JNI access
2026-09-05T17:52:55.7572407Z         4 native libraries: dl, pthread, rt, z
2026-09-05T17:52:58.7654360Z [3/8] Building universe...                                                                               (3.0s @ 0.42GB)
2026-09-05T17:53:01.2060615Z [4/8] Parsing methods...      [**]                                                                       (2.4s @ 0.42GB)
2026-09-05T17:53:01.7414438Z [5/8] Inlining methods...     [**]                                                                       (0.4s @ 0.45GB)
2026-09-05T17:53:20.1191684Z [6/8] Compiling methods...    [****]                                                                    (18.4s @ 0.66GB)
2026-09-05T17:53:21.5047898Z [7/8] Layouting methods...    [*]                                                                        (1.4s @ 0.64GB)
2026-09-05T17:53:23.7609453Z [8/8] Creating image...       [**]                                                                       (2.2s @ 0.26GB)
2026-09-05T17:53:23.7621940Z    5.97MB (35.51%) for code area:    14,785 compilation units
2026-09-05T17:53:23.7622839Z   10.11MB (60.20%) for image heap:  131,660 objects and 49 resources
2026-09-05T17:53:23.7636678Z  738.13kB ( 4.29%) for other data
2026-09-05T17:53:23.7637480Z   16.80MB in total
2026-09-05T17:53:23.7638325Z ------------------------------------------------------------------------------------------------------------------------
2026-09-05T17:53:23.7649195Z Top 10 origins of code area:                                Top 10 object types in image heap:
2026-09-05T17:53:23.7670171Z    4.15MB java.base                                            2.25MB byte[] for code metadata
2026-09-05T17:53:23.7675376Z  947.79kB svm.jar (Native Image)                               1.68MB byte[] for java.lang.String
2026-09-05T17:53:23.7677018Z  312.93kB snakeyaml-engine-3.1.1.jar                           1.26MB java.lang.String
2026-09-05T17:53:23.7678129Z  140.97kB mundanereq                                         891.24kB java.lang.Class
2026-09-05T17:53:23.7679704Z  106.24kB java.logging                                       361.50kB java.util.HashMap$Node
2026-09-05T17:53:23.7680856Z   59.46kB org.graalvm.nativeimage.base                       344.31kB heap alignment
2026-09-05T17:53:23.7682225Z   31.51kB mundanereq.compile                                 330.86kB com.oracle.svm.core.hub.DynamicHubCompanion
2026-09-05T17:53:23.7683416Z   29.64kB jdk.proxy1                                         265.87kB java.lang.String[]
2026-09-05T17:53:23.7684535Z   28.46kB jdk.proxy3                                         248.19kB byte[] for general heap data
2026-09-05T17:53:23.7685584Z   22.71kB jdk.internal.vm.ci                                 246.48kB java.lang.Object[]
2026-09-05T17:53:23.7686754Z   76.69kB for 8 more packages                                  2.30MB for 1066 more object types
2026-09-05T17:53:23.7702446Z ------------------------------------------------------------------------------------------------------------------------
2026-09-05T17:53:23.7703806Z Recommendations:
2026-09-05T17:53:23.7710266Z  INIT: Adopt '--strict-image-heap' to prepare for the next GraalVM release.
2026-09-05T17:53:23.7711123Z  HEAP: Set max heap for improved and more predictable memory usage.
2026-09-05T17:53:23.7734213Z ------------------------------------------------------------------------------------------------------------------------
2026-09-05T17:53:23.7748733Z                         4.3s (8.2% of total time) in 203 GCs | Peak RSS: 1.39GB | CPU load: 3.64
2026-09-05T17:53:23.7750977Z ------------------------------------------------------------------------------------------------------------------------
2026-09-05T17:53:23.7752038Z Produced artifacts:
2026-09-05T17:53:23.7764313Z  /home/runner/work/mundane-req/mundane-req/build/maintained/mundanereq-compile (executable)
2026-09-05T17:53:23.7765660Z ========================================================================================================================
2026-09-05T17:53:23.7767526Z Finished generating 'mundanereq-compile' in 52.4s.
2026-09-05T17:53:24.1214954Z build/maintained/mundanereq-compile --version
2026-09-05T17:53:24.1241088Z mundanereq-compile experimental-0.1; source contract mundanereq-source-0.2; output mundanereq-requirements-0.1; command compile-cli-0.1
2026-09-05T17:53:24.1244116Z python3 scripts/check-compiled-artifacts.py build/maintained/mundanereq-compile
2026-09-05T17:53:40.6935958Z PASS compiled contract golden bytes: valid/multifile/Unicode/math, invalid, duplicate and dangling; JVM/native
2026-09-05T17:53:40.6936822Z PASS 8 source corpora: source spans/checksums, deterministic reordered selection, 120 equivalent migrated requirements
2026-09-05T17:53:40.6937602Z PASS legacy and YAML adversarial corpora: no partial requirement publication; JVM/native diagnostic parity
2026-09-05T17:53:40.6938494Z PASS isolated consumer, exact source versus semantic changes, independent checkout, resource/input/format failures and real JVM/native broken output
2026-09-05T17:53:40.7025699Z python3 experiments/0027-compilation-linking/run.py
2026-09-05T17:53:48.1024669Z PASS experiment 0027: 57 requirements, 13 cases, two identical clean rebuilds; serialized-only consumer
2026-09-05T17:53:48.1082309Z native-image -O0 --no-fallback -march=compatibility -cp build/maintained/classes -o /home/runner/work/mundane-req/mundane-req/build/maintained/mundane-link engineering.artifacts.LinkMain
2026-09-05T17:53:50.0808424Z ========================================================================================================================
2026-09-05T17:53:50.0833788Z GraalVM Native Image: Generating 'mundane-link' (executable)...
2026-09-05T17:53:50.0834634Z ========================================================================================================================
2026-09-05T17:53:50.0835522Z For detailed information and explanations on the build output, visit:
2026-09-05T17:53:50.0836573Z https://github.com/oracle/graal/blob/master/docs/reference-manual/native-image/BuildOutput.md
2026-09-05T17:53:50.0837756Z ------------------------------------------------------------------------------------------------------------------------
2026-09-05T17:53:52.5035959Z [1/8] Initializing...                                                                                    (3.5s @ 0.06GB)
2026-09-05T17:53:52.5039500Z  Java version: 21.0.2+13, vendor version: GraalVM CE 21.0.2+13.1
2026-09-05T17:53:52.5044829Z  Graal compiler: optimization level: 0, target machine: compatibility
2026-09-05T17:53:52.5046724Z  C compiler: gcc (linux, x86_64, 13.3.0)
2026-09-05T17:53:52.5051744Z  Garbage collector: Serial GC (max heap size: 80% of RAM)
2026-09-05T17:53:52.5055142Z  1 user-specific feature(s):
2026-09-05T17:53:52.5057174Z  - com.oracle.svm.thirdparty.gson.GsonFeature
2026-09-05T17:53:52.5077178Z ------------------------------------------------------------------------------------------------------------------------
2026-09-05T17:53:52.5078494Z Build resources:
2026-09-05T17:53:52.5079589Z  - 9.23GB of memory (59.1% of 15.61GB system memory, determined at start)
2026-09-05T17:53:52.5081076Z  - 4 thread(s) (100.0% of 4 available processor(s), determined at start)
2026-09-05T17:54:11.8981287Z [2/8] Performing analysis...  [*****]                                                                   (19.2s @ 0.34GB)
2026-09-05T17:54:11.8990978Z     3,521 reachable types   (74.1% of    4,750 total)
2026-09-05T17:54:11.9021802Z     4,211 reachable fields  (50.3% of    8,366 total)
2026-09-05T17:54:11.9183879Z    16,851 reachable methods (46.1% of   36,565 total)
2026-09-05T17:54:11.9185111Z     1,084 types,   237 fields, and   828 methods registered for reflection
2026-09-05T17:54:11.9186719Z        57 types,    57 fields, and    52 methods registered for JNI access
2026-09-05T17:54:11.9189571Z         4 native libraries: dl, pthread, rt, z
2026-09-05T17:54:14.8933520Z [3/8] Building universe...                                                                               (3.0s @ 0.40GB)
2026-09-05T17:54:17.2234394Z [4/8] Parsing methods...      [**]                                                                       (2.3s @ 0.44GB)
2026-09-05T17:54:17.7548783Z [5/8] Inlining methods...     [**]                                                                       (0.4s @ 0.39GB)
2026-09-05T17:54:35.7024559Z [6/8] Compiling methods...    [****]                                                                    (17.9s @ 0.50GB)
2026-09-05T17:54:37.0518585Z [7/8] Layouting methods...    [*]                                                                        (1.3s @ 0.70GB)
2026-09-05T17:54:38.8890920Z [8/8] Creating image...       [*]                                                                        (1.8s @ 0.58GB)
2026-09-05T17:54:38.8910263Z    5.46MB (35.01%) for code area:    13,897 compilation units
2026-09-05T17:54:38.8910845Z    9.45MB (60.59%) for image heap:  124,712 objects and 49 resources
2026-09-05T17:54:38.8911217Z  702.78kB ( 4.40%) for other data
2026-09-05T17:54:38.8911472Z   15.59MB in total
2026-09-05T17:54:38.8911851Z ------------------------------------------------------------------------------------------------------------------------
2026-09-05T17:54:38.8914545Z Top 10 origins of code area:                                Top 10 object types in image heap:
2026-09-05T17:54:38.8919276Z    4.04MB java.base                                            2.07MB byte[] for code metadata
2026-09-05T17:54:38.8931380Z  940.33kB svm.jar (Native Image)                               1.61MB byte[] for java.lang.String
2026-09-05T17:54:38.8932336Z  130.84kB engineering.artifacts                                1.21MB java.lang.String
2026-09-05T17:54:38.8932993Z  106.24kB java.logging                                       815.77kB java.lang.Class
2026-09-05T17:54:38.8937070Z   59.46kB org.graalvm.nativeimage.base                       361.41kB java.util.HashMap$Node
2026-09-05T17:54:38.8938029Z   29.64kB jdk.proxy1                                         302.59kB com.oracle.svm.core.hub.DynamicHubCompanion
2026-09-05T17:54:38.8938597Z   28.46kB jdk.proxy3                                         290.01kB heap alignment
2026-09-05T17:54:38.8939365Z   22.71kB jdk.internal.vm.ci                                 256.80kB java.lang.String[]
2026-09-05T17:54:38.8939904Z   20.38kB org.graalvm.collections                            247.95kB byte[] for general heap data
2026-09-05T17:54:38.8940445Z    8.15kB jdk.internal.vm.compiler                           233.66kB java.lang.Object[]
2026-09-05T17:54:38.8947123Z   10.34kB for 4 more packages                                  2.11MB for 1008 more object types
2026-09-05T17:54:38.8964515Z ------------------------------------------------------------------------------------------------------------------------
2026-09-05T17:54:38.8965223Z Recommendations:
2026-09-05T17:54:38.8966111Z  INIT: Adopt '--strict-image-heap' to prepare for the next GraalVM release.
2026-09-05T17:54:38.8967180Z  HEAP: Set max heap for improved and more predictable memory usage.
2026-09-05T17:54:38.9002470Z ------------------------------------------------------------------------------------------------------------------------
2026-09-05T17:54:38.9017331Z                         3.9s (7.7% of total time) in 191 GCs | Peak RSS: 1.38GB | CPU load: 3.64
2026-09-05T17:54:38.9021262Z ------------------------------------------------------------------------------------------------------------------------
2026-09-05T17:54:38.9022439Z Produced artifacts:
2026-09-05T17:54:38.9038410Z  /home/runner/work/mundane-req/mundane-req/build/maintained/mundane-link (executable)
2026-09-05T17:54:38.9040192Z ========================================================================================================================
2026-09-05T17:54:38.9040886Z Finished generating 'mundane-link' in 49.9s.
2026-09-05T17:54:39.2475885Z build/maintained/mundane-link --version
2026-09-05T17:54:39.2500884Z mundane-link experimental-0.1; mundane-imports-0.1; mundane-linked-0.1; link-cli-0.1
2026-09-05T17:54:39.2504224Z python3 scripts/check-artifact-linking.py build/maintained/mundane-link
2026-09-05T17:54:49.3450271Z PASS linker: 57 source-linked edges; 18 invalid cases; qualification, contexts, cycles, actual two-repository pinned/current imports, parser-free JVM/native parity and output failures
2026-09-05T17:54:49.3546861Z native-image -O0 --no-fallback -march=compatibility -cp build/maintained/classes -o /home/runner/work/mundane-req/mundane-req/build/maintained/mundane-plan engineering.verification.PlanMain
2026-09-05T17:54:51.2618711Z ========================================================================================================================
2026-09-05T17:54:51.2626267Z GraalVM Native Image: Generating 'mundane-plan' (executable)...
2026-09-05T17:54:51.2627615Z ========================================================================================================================
2026-09-05T17:54:51.2628658Z For detailed information and explanations on the build output, visit:
2026-09-05T17:54:51.2630253Z https://github.com/oracle/graal/blob/master/docs/reference-manual/native-image/BuildOutput.md
2026-09-05T17:54:51.2631608Z ------------------------------------------------------------------------------------------------------------------------
2026-09-05T17:54:53.6205071Z [1/8] Initializing...                                                                                    (3.4s @ 0.06GB)
2026-09-05T17:54:53.6209446Z  Java version: 21.0.2+13, vendor version: GraalVM CE 21.0.2+13.1
2026-09-05T17:54:53.6221464Z  Graal compiler: optimization level: 0, target machine: compatibility
2026-09-05T17:54:53.6230335Z  C compiler: gcc (linux, x86_64, 13.3.0)
2026-09-05T17:54:53.6231115Z  Garbage collector: Serial GC (max heap size: 80% of RAM)
2026-09-05T17:54:53.6231821Z  1 user-specific feature(s):
2026-09-05T17:54:53.6240601Z  - com.oracle.svm.thirdparty.gson.GsonFeature
2026-09-05T17:54:53.6261974Z ------------------------------------------------------------------------------------------------------------------------
2026-09-05T17:54:53.6263414Z Build resources:
2026-09-05T17:54:53.6264217Z  - 9.17GB of memory (58.7% of 15.61GB system memory, determined at start)
2026-09-05T17:54:53.6265057Z  - 4 thread(s) (100.0% of 4 available processor(s), determined at start)
2026-09-05T17:55:12.7814645Z [2/8] Performing analysis...  [*****]                                                                   (19.0s @ 0.31GB)
2026-09-05T17:55:12.7839075Z     3,519 reachable types   (74.1% of    4,748 total)
2026-09-05T17:55:12.7868014Z     4,207 reachable fields  (50.3% of    8,362 total)
2026-09-05T17:55:12.8035127Z    16,836 reachable methods (46.0% of   36,563 total)
2026-09-05T17:55:12.8040370Z     1,084 types,   235 fields, and   828 methods registered for reflection
2026-09-05T17:55:12.8042941Z        57 types,    57 fields, and    52 methods registered for JNI access
2026-09-05T17:55:12.8044231Z         4 native libraries: dl, pthread, rt, z
2026-09-05T17:55:15.6897696Z [3/8] Building universe...                                                                               (2.9s @ 0.35GB)
2026-09-05T17:55:18.0529812Z [4/8] Parsing methods...      [**]                                                                       (2.3s @ 0.42GB)
2026-09-05T17:55:18.5413133Z [5/8] Inlining methods...     [**]                                                                       (0.4s @ 0.40GB)
2026-09-05T17:55:36.1170708Z [6/8] Compiling methods...    [****]                                                                    (17.6s @ 0.50GB)
2026-09-05T17:55:37.4253542Z [7/8] Layouting methods...    [*]                                                                        (1.3s @ 0.69GB)
2026-09-05T17:55:39.2420732Z [8/8] Creating image...       [*]                                                                        (1.8s @ 0.58GB)
2026-09-05T17:55:39.2441261Z    5.42MB (34.89%) for code area:    13,886 compilation units
2026-09-05T17:55:39.2442144Z    9.43MB (60.68%) for image heap:  124,550 objects and 49 resources
2026-09-05T17:55:39.2443121Z  704.77kB ( 4.43%) for other data
2026-09-05T17:55:39.2443559Z   15.55MB in total
2026-09-05T17:55:39.2444205Z ------------------------------------------------------------------------------------------------------------------------
2026-09-05T17:55:39.2450197Z Top 10 origins of code area:                                Top 10 object types in image heap:
2026-09-05T17:55:39.2470830Z    4.04MB java.base                                            2.06MB byte[] for code metadata
2026-09-05T17:55:39.2471706Z  940.32kB svm.jar (Native Image)                               1.60MB byte[] for java.lang.String
2026-09-05T17:55:39.2472628Z  106.24kB java.logging                                         1.21MB java.lang.String
2026-09-05T17:55:39.2473507Z   59.46kB org.graalvm.nativeimage.base                       815.27kB java.lang.Class
2026-09-05T17:55:39.2474394Z   57.87kB engineering.artifacts                              361.41kB java.util.HashMap$Node
2026-09-05T17:55:39.2475424Z   37.38kB engineering.verification                           302.41kB com.oracle.svm.core.hub.DynamicHubCompanion
2026-09-05T17:55:39.2476393Z   29.64kB jdk.proxy1                                         297.31kB heap alignment
2026-09-05T17:55:39.2477130Z   28.46kB jdk.proxy3                                         256.33kB java.lang.String[]
2026-09-05T17:55:39.2478019Z   22.71kB jdk.internal.vm.ci                                 247.92kB byte[] for general heap data
2026-09-05T17:55:39.2479228Z   20.38kB org.graalvm.collections                            233.58kB java.lang.Object[]
2026-09-05T17:55:39.2480175Z   18.48kB for 5 more packages                                  2.11MB for 1006 more object types
2026-09-05T17:55:39.2487248Z ------------------------------------------------------------------------------------------------------------------------
2026-09-05T17:55:39.2488078Z Recommendations:
2026-09-05T17:55:39.2488678Z  INIT: Adopt '--strict-image-heap' to prepare for the next GraalVM release.
2026-09-05T17:55:39.2490304Z  HEAP: Set max heap for improved and more predictable memory usage.
2026-09-05T17:55:39.2518008Z ------------------------------------------------------------------------------------------------------------------------
2026-09-05T17:55:39.2534466Z                         4.0s (8.0% of total time) in 198 GCs | Peak RSS: 1.32GB | CPU load: 3.66
2026-09-05T17:55:39.2535393Z ------------------------------------------------------------------------------------------------------------------------
2026-09-05T17:55:39.2536186Z Produced artifacts:
2026-09-05T17:55:39.2545101Z  /home/runner/work/mundane-req/mundane-req/build/maintained/mundane-plan (executable)
2026-09-05T17:55:39.2546313Z ========================================================================================================================
2026-09-05T17:55:39.2547384Z Finished generating 'mundane-plan' in 49.0s.
2026-09-05T17:55:39.5977172Z build/maintained/mundane-plan --version
2026-09-05T17:55:39.6001652Z mundane-plan experimental-0.1; mundane-plan-source-0.1; mundane-plan-0.1; plan-cli-0.1
2026-09-05T17:55:39.6005648Z native-image -O0 --no-fallback -march=compatibility -cp build/maintained/classes -o /home/runner/work/mundane-req/mundane-req/build/maintained/mundane-verify engineering.verification.VerifyMain
2026-09-05T17:55:41.5373704Z ========================================================================================================================
2026-09-05T17:55:41.5399602Z GraalVM Native Image: Generating 'mundane-verify' (executable)...
2026-09-05T17:55:41.5400528Z ========================================================================================================================
2026-09-05T17:55:41.5402345Z For detailed information and explanations on the build output, visit:
2026-09-05T17:55:41.5403403Z https://github.com/oracle/graal/blob/master/docs/reference-manual/native-image/BuildOutput.md
2026-09-05T17:55:41.5404633Z ------------------------------------------------------------------------------------------------------------------------
2026-09-05T17:55:43.9461654Z [1/8] Initializing...                                                                                    (3.4s @ 0.06GB)
2026-09-05T17:55:43.9463891Z  Java version: 21.0.2+13, vendor version: GraalVM CE 21.0.2+13.1
2026-09-05T17:55:43.9468879Z  Graal compiler: optimization level: 0, target machine: compatibility
2026-09-05T17:55:43.9474027Z  C compiler: gcc (linux, x86_64, 13.3.0)
2026-09-05T17:55:43.9475199Z  Garbage collector: Serial GC (max heap size: 80% of RAM)
2026-09-05T17:55:43.9478747Z  1 user-specific feature(s):
2026-09-05T17:55:43.9481001Z  - com.oracle.svm.thirdparty.gson.GsonFeature
2026-09-05T17:55:43.9500763Z ------------------------------------------------------------------------------------------------------------------------
2026-09-05T17:55:43.9501734Z Build resources:
2026-09-05T17:55:43.9502316Z  - 9.36GB of memory (59.9% of 15.61GB system memory, determined at start)
2026-09-05T17:55:43.9503165Z  - 4 thread(s) (100.0% of 4 available processor(s), determined at start)
2026-09-05T17:56:03.8292214Z [2/8] Performing analysis...  [*****]                                                                   (19.7s @ 0.32GB)
2026-09-05T17:56:03.8321422Z     3,552 reachable types   (74.3% of    4,781 total)
2026-09-05T17:56:03.8345328Z     4,249 reachable fields  (50.5% of    8,407 total)
2026-09-05T17:56:03.8520535Z    16,934 reachable methods (46.2% of   36,652 total)
2026-09-05T17:56:03.8521186Z     1,089 types,   246 fields, and   830 methods registered for reflection
2026-09-05T17:56:03.8521895Z        57 types,    57 fields, and    52 methods registered for JNI access
2026-09-05T17:56:03.8522495Z         4 native libraries: dl, pthread, rt, z
2026-09-05T17:56:06.9166785Z [3/8] Building universe...                                                                               (3.1s @ 0.38GB)
2026-09-05T17:56:09.2955062Z [4/8] Parsing methods...      [**]                                                                       (2.4s @ 0.40GB)
2026-09-05T17:56:09.7726478Z [5/8] Inlining methods...     [**]                                                                       (0.4s @ 0.44GB)
2026-09-05T17:56:27.1280948Z [6/8] Compiling methods...    [****]                                                                    (17.4s @ 0.70GB)
2026-09-05T17:56:28.4980784Z [7/8] Layouting methods...    [*]                                                                        (1.4s @ 0.63GB)
2026-09-05T17:56:30.3245809Z [8/8] Creating image...       [*]                                                                        (1.8s @ 0.47GB)
2026-09-05T17:56:30.3247073Z    5.50MB (35.15%) for code area:    13,973 compilation units
2026-09-05T17:56:30.3248385Z    9.46MB (60.42%) for image heap:  125,107 objects and 49 resources
2026-09-05T17:56:30.3253463Z  710.78kB ( 4.43%) for other data
2026-09-05T17:56:30.3254242Z   15.66MB in total
2026-09-05T17:56:30.3255546Z ------------------------------------------------------------------------------------------------------------------------
2026-09-05T17:56:30.3268189Z Top 10 origins of code area:                                Top 10 object types in image heap:
2026-09-05T17:56:30.3269686Z    4.06MB java.base                                            2.09MB byte[] for code metadata
2026-09-05T17:56:30.3270988Z  940.92kB svm.jar (Native Image)                               1.61MB byte[] for java.lang.String
2026-09-05T17:56:30.3272225Z  132.46kB engineering.artifacts                                1.21MB java.lang.String
2026-09-05T17:56:30.3273725Z  106.24kB java.logging                                       824.28kB java.lang.Class
2026-09-05T17:56:30.3274814Z   59.46kB org.graalvm.nativeimage.base                       361.41kB java.util.HashMap$Node
2026-09-05T17:56:30.3276131Z   29.64kB jdk.proxy1                                         305.25kB com.oracle.svm.core.hub.DynamicHubCompanion
2026-09-05T17:56:30.3277733Z   28.46kB jdk.proxy3                                         258.95kB heap alignment
2026-09-05T17:56:30.3279735Z   22.71kB jdk.internal.vm.ci                                 257.35kB java.lang.String[]
2026-09-05T17:56:30.3280917Z   20.80kB engineering.verification                           248.00kB byte[] for general heap data
2026-09-05T17:56:30.3281906Z   20.38kB org.graalvm.collections                            233.73kB java.lang.Object[]
2026-09-05T17:56:30.3288779Z   18.48kB for 5 more packages                                  2.12MB for 1018 more object types
2026-09-05T17:56:30.3301930Z ------------------------------------------------------------------------------------------------------------------------
2026-09-05T17:56:30.3302842Z Recommendations:
2026-09-05T17:56:30.3303627Z  INIT: Adopt '--strict-image-heap' to prepare for the next GraalVM release.
2026-09-05T17:56:30.3304459Z  HEAP: Set max heap for improved and more predictable memory usage.
2026-09-05T17:56:30.3331815Z ------------------------------------------------------------------------------------------------------------------------
2026-09-05T17:56:30.3339340Z                         4.0s (7.9% of total time) in 196 GCs | Peak RSS: 1.34GB | CPU load: 3.64
2026-09-05T17:56:30.3360896Z ------------------------------------------------------------------------------------------------------------------------
2026-09-05T17:56:30.3364374Z Produced artifacts:
2026-09-05T17:56:30.3365215Z  /home/runner/work/mundane-req/mundane-req/build/maintained/mundane-verify (executable)
2026-09-05T17:56:30.3366292Z ========================================================================================================================
2026-09-05T17:56:30.3367147Z Finished generating 'mundane-verify' in 49.8s.
2026-09-05T17:56:30.6791448Z build/maintained/mundane-verify --version
2026-09-05T17:56:30.6816833Z mundane-verify experimental-0.1; mundane-verification-0.1; verification-cli-0.1
2026-09-05T17:56:30.6820803Z python3 scripts/check-verification-workflow.py build/maintained/mundane-plan build/maintained/mundane-verify
2026-09-05T17:56:39.7573590Z PASS plan/analyzer: compiled design fixture, 57 assertions, 13 invalid source cases, current/stale/uncovered/blocked results, edit/rebuild matrix and JVM/native broken output
2026-09-05T17:56:39.7669395Z python3 experiments/0029-verification-report/run.py
2026-09-05T17:56:40.8320056Z PASS report: clean committed input archive, identical rebuild/golden, 57 assertions and 2 stale rows, rebaseline updates, invalid-input rejection, escaped prose/math, broken output
2026-09-05T17:56:40.8419071Z Command: python3 scripts/check-ci-failure-propagation.py
2026-09-05T17:56:43.9620760Z PASS invalid-example: make verify exit=2; failing target=test; elapsed=3.09s
2026-09-05T17:56:43.9621664Z PASS invalid-example: restored exact input bytes
2026-09-05T17:56:44.0969850Z PASS omitted-schema-target: make verify exit=2; failing target=yaml-schema-verify; elapsed=0.13s
2026-09-05T17:56:44.0970834Z PASS omitted-schema-target: restored exact input bytes
2026-09-05T17:56:44.0971848Z PASS both injected failures reached the authoritative gate and inputs were restored
2026-09-05T17:56:44.1036267Z verification wrapper exit status: 0
