scripts/check-yaml-schema.sh
Collecting attrs==26.1.0 (from -r dependencies/schema-test-requirements.txt (line 1))
  Using cached attrs-26.1.0-py3-none-any.whl.metadata (8.8 kB)
Collecting jsonschema==4.26.0 (from -r dependencies/schema-test-requirements.txt (line 2))
  Using cached jsonschema-4.26.0-py3-none-any.whl.metadata (7.6 kB)
Collecting jsonschema-specifications==2025.9.1 (from -r dependencies/schema-test-requirements.txt (line 3))
  Using cached jsonschema_specifications-2025.9.1-py3-none-any.whl.metadata (2.9 kB)
Collecting referencing==0.37.0 (from -r dependencies/schema-test-requirements.txt (line 4))
  Using cached referencing-0.37.0-py3-none-any.whl.metadata (2.8 kB)
Collecting rpds-py==2026.6.3 (from -r dependencies/schema-test-requirements.txt (line 5))
  Using cached rpds_py-2026.6.3-cp312-cp312-manylinux_2_17_x86_64.manylinux2014_x86_64.whl.metadata (4.1 kB)
Collecting ruamel.yaml==0.19.1 (from -r dependencies/schema-test-requirements.txt (line 6))
  Using cached ruamel_yaml-0.19.1-py3-none-any.whl.metadata (16 kB)
Collecting typing_extensions==4.16.0 (from -r dependencies/schema-test-requirements.txt (line 7))
  Using cached typing_extensions-4.16.0-py3-none-any.whl.metadata (3.3 kB)
Using cached attrs-26.1.0-py3-none-any.whl (67 kB)
Using cached jsonschema-4.26.0-py3-none-any.whl (90 kB)
Using cached jsonschema_specifications-2025.9.1-py3-none-any.whl (18 kB)
Using cached referencing-0.37.0-py3-none-any.whl (26 kB)
Using cached rpds_py-2026.6.3-cp312-cp312-manylinux_2_17_x86_64.manylinux2014_x86_64.whl (366 kB)
Using cached ruamel_yaml-0.19.1-py3-none-any.whl (118 kB)
Using cached typing_extensions-4.16.0-py3-none-any.whl (45 kB)
Installing collected packages: typing_extensions, ruamel.yaml, rpds-py, attrs, referencing, jsonschema-specifications, jsonschema
Successfully installed attrs-26.1.0 jsonschema-4.26.0 jsonschema-specifications-2025.9.1 referencing-0.37.0 rpds-py-2026.6.3 ruamel.yaml-0.19.1 typing_extensions-4.16.0
PASS independent Draft 2020-12 schema: 12 valid files, 17 structural/domain distinction cases
scripts/fetch-yaml-parser.sh
python3 scripts/generate-versions.py versions.properties build/maintained/generated
mkdir -p build/maintained/classes
javac -cp build/dependencies/snakeyaml-engine-3.1.1.jar --release 21 -Xlint:all -Werror -d build/maintained/classes src/main/java/engineering/artifacts/Artifacts.java src/main/java/engineering/artifacts/Checks.java src/main/java/engineering/artifacts/Command.java src/main/java/engineering/artifacts/Json.java src/main/java/engineering/artifacts/LinkMain.java src/main/java/engineering/artifacts/Linker.java src/main/java/engineering/artifacts/Problem.java src/main/java/engineering/artifacts/Snapshots.java src/main/java/engineering/verification/PlanCompiler.java src/main/java/engineering/verification/PlanMain.java src/main/java/engineering/verification/Verifier.java src/main/java/engineering/verification/VerifyMain.java src/main/java/mundanereq/Interpreter.java src/main/java/mundanereq/SourceFormat.java src/main/java/mundanereq/YamlRequirements.java src/main/java/mundanereq/cli/CommandOutput.java src/main/java/mundanereq/cli/CompileMain.java src/main/java/mundanereq/cli/FormatterMain.java src/main/java/mundanereq/cli/MigrateMain.java src/main/java/mundanereq/cli/SourceInvocation.java src/main/java/mundanereq/cli/TraceMain.java src/main/java/mundanereq/cli/ValidatorMain.java src/main/java/mundanereq/compile/SemanticArtifact.java src/main/java/mundanereq/format/SourceFormatter.java src/main/java/mundanereq/package-info.java src/main/java/mundanereq/source/ConcreteLine.java src/main/java/mundanereq/source/LineEnding.java src/main/java/mundanereq/source/PhysicalLine.java src/main/java/mundanereq/source/SourceDocument.java src/main/java/mundanereq/source/SourcePosition.java src/main/java/mundanereq/source/SourceSpan.java src/main/java/mundanereq/trace/TraceAnalyzer.java build/maintained/generated/mundanereq/Versions.java src/test/java/engineering/artifacts/ArtifactBoundaryTest.java src/test/java/engineering/verification/VerificationBoundaryTest.java src/test/java/mundanereq/InterpreterRegressionTest.java src/test/java/mundanereq/InterpreterTest.java src/test/java/mundanereq/InventoryMain.java src/test/java/mundanereq/SemanticConversionTest.java src/test/java/mundanereq/boundary/NativeBoundaryIsolationTest.java src/test/java/mundanereq/ci/CiWorkflowVerificationTest.java src/test/java/mundanereq/cli/CompileMainTest.java src/test/java/mundanereq/cli/FormatterMainTest.java src/test/java/mundanereq/cli/FormatterVerificationTest.java src/test/java/mundanereq/cli/TraceMainTest.java src/test/java/mundanereq/cli/TraceVerificationTest.java src/test/java/mundanereq/cli/ValidatorMainTest.java src/test/java/mundanereq/cli/ValidatorVerificationTest.java src/test/java/mundanereq/cli/YamlVerificationTest.java src/test/java/mundanereq/cli/YamlWorkflowTest.java src/test/java/mundanereq/distribution/NativeSuiteVerificationTest.java src/test/java/mundanereq/format/SourceFormatterTest.java src/test/java/mundanereq/smoke/MaintainedBuildTest.java src/test/java/mundanereq/source/SourceDocumentTest.java src/test/java/mundanereq/test/MaintainedTestSuite.java src/test/java/mundanereq/trace/TraceAnalyzerTest.java src/test/java/mundanereq/trial/IntegratedToolchainTrialTest.java src/test/java/mundanereq/trial/MultiAuthorLayoutTrialTest.java src/test/java/mundanereq/trial/OperationalCorpusVerificationTest.java
java -ea -cp build/maintained/classes:build/dependencies/snakeyaml-engine-3.1.1.jar mundanereq.test.MaintainedTestSuite
PASS maintained Java 21 project skeleton
PASS physical and concrete source representation
PASS concrete-to-semantic conversion
PASS maintained semantic interpretation
PASS equivalent layouts
PASS prose and math interpretation
PASS optional fields
PASS source comments
PASS line-ending equivalence
PASS source discovery
PASS explicit file discovery
PASS physical source diagnostics
PASS Unicode conformance edges
PASS record and field diagnostics
PASS math diagnostics
PASS identity and relationship diagnostics
Passed 12 maintained interpreter regression tests.
PASS validator command interface
PASS conservative source formatter
PASS formatter command interface
PASS decomposition trace analysis
PASS trace command interface
PASS frozen operational corpus profile
PASS YAML rules, migration, formatter snapshot protection and CLI output failures
PASS compiler output faults, invocation/input errors, exact retained spans and selected snapshots
PASS strict JSON boundary, Unicode/number roundtrip, linker output faults and detected snapshot changes
PASS plan/analyzer prefix, flush and stderr failures; plan snapshot change suppresses publication
Passed 15 maintained test groups.
native-image -O0 --no-fallback -march=compatibility -cp build/maintained/classes:build/dependencies/snakeyaml-engine-3.1.1.jar -o /tmp/mreq-ci-clean-checkout/build/maintained/native-smoke mundanereq.smoke.MaintainedBuildTest
========================================================================================================================
GraalVM Native Image: Generating 'native-smoke' (executable)...
========================================================================================================================
For detailed information and explanations on the build output, visit:
https://github.com/oracle/graal/blob/master/docs/reference-manual/native-image/BuildOutput.md
------------------------------------------------------------------------------------------------------------------------
[1/8] Initializing...                                                                                    (2.6s @ 0.08GB)
 Java version: 21.0.2+13, vendor version: GraalVM CE 21.0.2+13.1
 Graal compiler: optimization level: 0, target machine: compatibility
 C compiler: gcc (linux, x86_64, 13.3.0)
 Garbage collector: Serial GC (max heap size: 80% of RAM)
 1 user-specific feature(s):
 - com.oracle.svm.thirdparty.gson.GsonFeature
------------------------------------------------------------------------------------------------------------------------
Build resources:
 - 26.11GB of memory (83.7% of 31.21GB system memory, determined at start)
 - 32 thread(s) (100.0% of 32 available processor(s), determined at start)
[2/8] Performing analysis...  [*****]                                                                    (2.8s @ 0.31GB)
    3,335 reachable types   (74.1% of    4,501 total)
    3,975 reachable fields  (51.4% of    7,734 total)
   15,978 reachable methods (45.3% of   35,257 total)
    1,030 types,   210 fields, and   803 methods registered for reflection
       57 types,    57 fields, and    52 methods registered for JNI access
        4 native libraries: dl, pthread, rt, z
[3/8] Building universe...                                                                               (0.9s @ 0.40GB)
[4/8] Parsing methods...      [*]                                                                        (0.5s @ 0.48GB)
[5/8] Inlining methods...     [**]                                                                       (0.1s @ 0.47GB)
[6/8] Compiling methods...    [**]                                                                       (2.1s @ 0.48GB)
[7/8] Layouting methods...    [*]                                                                        (0.9s @ 0.66GB)
[8/8] Creating image...       [*]                                                                        (1.0s @ 0.82GB)
   5.00MB (34.62%) for code area:    13,148 compilation units
   8.79MB (60.83%) for image heap:  112,271 objects and 49 resources
 673.29kB ( 4.55%) for other data
  14.45MB in total
------------------------------------------------------------------------------------------------------------------------
Top 10 origins of code area:                                Top 10 object types in image heap:
   3.73MB java.base                                            1.90MB byte[] for code metadata
 927.99kB svm.jar (Native Image)                               1.46MB byte[] for java.lang.String
 105.92kB java.logging                                         1.10MB java.lang.String
  59.46kB org.graalvm.nativeimage.base                       771.91kB java.lang.Class
  29.64kB jdk.proxy1                                         428.68kB heap alignment
  28.46kB jdk.proxy3                                         351.14kB java.util.HashMap$Node
  22.71kB jdk.internal.vm.ci                                 286.60kB com.oracle.svm.core.hub.DynamicHubCompanion
  20.38kB org.graalvm.collections                            247.17kB byte[] for general heap data
   8.15kB jdk.internal.vm.compiler                           234.91kB java.lang.String[]
   6.99kB jdk.proxy2                                         219.80kB java.lang.Object[]
   3.74kB for 4 more packages                                  1.85MB for 951 more object types
------------------------------------------------------------------------------------------------------------------------
Recommendations:
 INIT: Adopt '--strict-image-heap' to prepare for the next GraalVM release.
 HEAP: Set max heap for improved and more predictable memory usage.
------------------------------------------------------------------------------------------------------------------------
                        0.7s (6.4% of total time) in 93 GCs | Peak RSS: 1.50GB | CPU load: 11.74
------------------------------------------------------------------------------------------------------------------------
Produced artifacts:
 /tmp/mreq-ci-clean-checkout/build/maintained/native-smoke (executable)
========================================================================================================================
Finished generating 'native-smoke' in 11.2s.
build/maintained/native-smoke
PASS maintained Java 21 project skeleton
native-image -O0 --no-fallback -march=compatibility -cp build/maintained/classes:build/dependencies/snakeyaml-engine-3.1.1.jar -o /tmp/mreq-ci-clean-checkout/build/maintained/mundanereq-validate mundanereq.cli.ValidatorMain
========================================================================================================================
GraalVM Native Image: Generating 'mundanereq-validate' (executable)...
========================================================================================================================
For detailed information and explanations on the build output, visit:
https://github.com/oracle/graal/blob/master/docs/reference-manual/native-image/BuildOutput.md
------------------------------------------------------------------------------------------------------------------------
[1/8] Initializing...                                                                                    (2.3s @ 0.08GB)
 Java version: 21.0.2+13, vendor version: GraalVM CE 21.0.2+13.1
 Graal compiler: optimization level: 0, target machine: compatibility
 C compiler: gcc (linux, x86_64, 13.3.0)
 Garbage collector: Serial GC (max heap size: 80% of RAM)
 1 user-specific feature(s):
 - com.oracle.svm.thirdparty.gson.GsonFeature
------------------------------------------------------------------------------------------------------------------------
Build resources:
 - 26.01GB of memory (83.3% of 31.21GB system memory, determined at start)
 - 32 thread(s) (100.0% of 32 available processor(s), determined at start)
[2/8] Performing analysis...  [*****]                                                                    (3.3s @ 0.33GB)
    3,724 reachable types   (76.2% of    4,887 total)
    4,531 reachable fields  (53.8% of    8,425 total)
   17,351 reachable methods (46.8% of   37,074 total)
    1,118 types,   314 fields, and   835 methods registered for reflection
       57 types,    57 fields, and    52 methods registered for JNI access
        4 native libraries: dl, pthread, rt, z
[3/8] Building universe...                                                                               (0.7s @ 0.45GB)
[4/8] Parsing methods...      [*]                                                                        (0.6s @ 0.50GB)
[5/8] Inlining methods...     [**]                                                                       (0.1s @ 0.48GB)
[6/8] Compiling methods...    [**]                                                                       (2.3s @ 0.71GB)
[7/8] Layouting methods...    [*]                                                                        (1.0s @ 0.54GB)
[8/8] Creating image...       [*]                                                                        (1.1s @ 0.70GB)
   5.65MB (35.64%) for code area:    14,268 compilation units
   9.50MB (59.91%) for image heap:  120,233 objects and 49 resources
 722.56kB ( 4.45%) for other data
  15.86MB in total
------------------------------------------------------------------------------------------------------------------------
Top 10 origins of code area:                                Top 10 object types in image heap:
   3.88MB java.base                                            2.14MB byte[] for code metadata
 937.61kB svm.jar (Native Image)                               1.55MB byte[] for java.lang.String
 312.93kB snakeyaml-engine-3.1.1.jar                           1.16MB java.lang.String
 141.02kB mundanereq                                         861.24kB java.lang.Class
 106.24kB java.logging                                       425.73kB heap alignment
  59.46kB org.graalvm.nativeimage.base                       351.23kB java.util.HashMap$Node
  29.64kB jdk.proxy1                                         320.03kB com.oracle.svm.core.hub.DynamicHubCompanion
  28.46kB jdk.proxy3                                         247.49kB byte[] for general heap data
  22.71kB jdk.internal.vm.ci                                 246.51kB java.lang.String[]
  20.55kB mundanereq.source                                  222.60kB java.lang.Object[]
  54.18kB for 7 more packages                                  2.05MB for 1018 more object types
------------------------------------------------------------------------------------------------------------------------
Recommendations:
 INIT: Adopt '--strict-image-heap' to prepare for the next GraalVM release.
 HEAP: Set max heap for improved and more predictable memory usage.
------------------------------------------------------------------------------------------------------------------------
                       0.9s (7.7% of total time) in 101 GCs | Peak RSS: 1.57GB | CPU load: 12.74
------------------------------------------------------------------------------------------------------------------------
Produced artifacts:
 /tmp/mreq-ci-clean-checkout/build/maintained/mundanereq-validate (executable)
========================================================================================================================
Finished generating 'mundanereq-validate' in 11.8s.
build/maintained/mundanereq-validate --version
mundanereq-validate trial-0.1; source contract mundanereq-source-0.2
native-image -O0 --no-fallback -march=compatibility -cp build/maintained/classes:build/dependencies/snakeyaml-engine-3.1.1.jar -o /tmp/mreq-ci-clean-checkout/build/maintained/mundanereq-format mundanereq.cli.FormatterMain
========================================================================================================================
GraalVM Native Image: Generating 'mundanereq-format' (executable)...
========================================================================================================================
For detailed information and explanations on the build output, visit:
https://github.com/oracle/graal/blob/master/docs/reference-manual/native-image/BuildOutput.md
------------------------------------------------------------------------------------------------------------------------
[1/8] Initializing...                                                                                    (2.4s @ 0.08GB)
 Java version: 21.0.2+13, vendor version: GraalVM CE 21.0.2+13.1
 Graal compiler: optimization level: 0, target machine: compatibility
 C compiler: gcc (linux, x86_64, 13.3.0)
 Garbage collector: Serial GC (max heap size: 80% of RAM)
 1 user-specific feature(s):
 - com.oracle.svm.thirdparty.gson.GsonFeature
------------------------------------------------------------------------------------------------------------------------
Build resources:
 - 26.00GB of memory (83.3% of 31.21GB system memory, determined at start)
 - 32 thread(s) (100.0% of 32 available processor(s), determined at start)
[2/8] Performing analysis...  [*****]                                                                    (4.0s @ 0.37GB)
    4,278 reachable types   (77.8% of    5,502 total)
    5,341 reachable fields  (53.9% of    9,902 total)
   19,928 reachable methods (48.8% of   40,817 total)
    1,380 types,   336 fields, and   985 methods registered for reflection
       57 types,    57 fields, and    52 methods registered for JNI access
        4 native libraries: dl, pthread, rt, z
[3/8] Building universe...                                                                               (0.9s @ 0.48GB)
[4/8] Parsing methods...      [*]                                                                        (0.7s @ 0.32GB)
[5/8] Inlining methods...     [**]                                                                       (0.1s @ 0.47GB)
[6/8] Compiling methods...    [**]                                                                       (2.5s @ 0.87GB)
[7/8] Layouting methods...    [*]                                                                        (1.1s @ 0.65GB)
[8/8] Creating image...       [*]                                                                        (1.3s @ 0.85GB)
   6.82MB (36.80%) for code area:    16,418 compilation units
  10.91MB (58.84%) for image heap:  141,353 objects and 49 resources
 827.73kB ( 4.36%) for other data
  18.53MB in total
------------------------------------------------------------------------------------------------------------------------
Top 10 origins of code area:                                Top 10 object types in image heap:
   4.94MB java.base                                            2.56MB byte[] for code metadata
 967.00kB svm.jar (Native Image)                               1.79MB byte[] for java.lang.String
 312.93kB snakeyaml-engine-3.1.1.jar                           1.34MB java.lang.String
 141.16kB mundanereq                                         997.24kB java.lang.Class
 106.24kB java.logging                                       371.25kB java.util.HashMap$Node
  59.46kB org.graalvm.nativeimage.base                       367.64kB com.oracle.svm.core.hub.DynamicHubCompanion
  46.83kB jdk.crypto.ec                                      282.09kB java.lang.String[]
  34.88kB mundanereq.cli                                     260.09kB byte[] for general heap data
  29.64kB jdk.proxy1                                         247.43kB java.lang.Object[]
  28.46kB jdk.proxy3                                         246.13kB heap alignment
  83.64kB for 9 more packages                                  2.50MB for 1113 more object types
------------------------------------------------------------------------------------------------------------------------
Recommendations:
 INIT: Adopt '--strict-image-heap' to prepare for the next GraalVM release.
 HEAP: Set max heap for improved and more predictable memory usage.
------------------------------------------------------------------------------------------------------------------------
                       1.0s (7.5% of total time) in 107 GCs | Peak RSS: 1.79GB | CPU load: 13.06
------------------------------------------------------------------------------------------------------------------------
Produced artifacts:
 /tmp/mreq-ci-clean-checkout/build/maintained/mundanereq-format (executable)
========================================================================================================================
Finished generating 'mundanereq-format' in 13.2s.
build/maintained/mundanereq-format --version
mundanereq-format trial-0.1; source contract mundanereq-source-0.2
native-image -O0 --no-fallback -march=compatibility -cp build/maintained/classes:build/dependencies/snakeyaml-engine-3.1.1.jar -o /tmp/mreq-ci-clean-checkout/build/maintained/mundanereq-trace mundanereq.cli.TraceMain
========================================================================================================================
GraalVM Native Image: Generating 'mundanereq-trace' (executable)...
========================================================================================================================
For detailed information and explanations on the build output, visit:
https://github.com/oracle/graal/blob/master/docs/reference-manual/native-image/BuildOutput.md
------------------------------------------------------------------------------------------------------------------------
[1/8] Initializing...                                                                                    (2.5s @ 0.08GB)
 Java version: 21.0.2+13, vendor version: GraalVM CE 21.0.2+13.1
 Graal compiler: optimization level: 0, target machine: compatibility
 C compiler: gcc (linux, x86_64, 13.3.0)
 Garbage collector: Serial GC (max heap size: 80% of RAM)
 1 user-specific feature(s):
 - com.oracle.svm.thirdparty.gson.GsonFeature
------------------------------------------------------------------------------------------------------------------------
Build resources:
 - 25.98GB of memory (83.2% of 31.21GB system memory, determined at start)
 - 32 thread(s) (100.0% of 32 available processor(s), determined at start)
[2/8] Performing analysis...  [*****]                                                                    (3.3s @ 0.35GB)
    3,746 reachable types   (76.3% of    4,910 total)
    4,565 reachable fields  (54.0% of    8,461 total)
   17,470 reachable methods (47.0% of   37,183 total)
    1,119 types,   325 fields, and   845 methods registered for reflection
       57 types,    57 fields, and    52 methods registered for JNI access
        4 native libraries: dl, pthread, rt, z
[3/8] Building universe...                                                                               (0.8s @ 0.39GB)
[4/8] Parsing methods...      [*]                                                                        (0.6s @ 0.42GB)
[5/8] Inlining methods...     [**]                                                                       (0.1s @ 0.55GB)
[6/8] Compiling methods...    [**]                                                                       (2.3s @ 0.55GB)
[7/8] Layouting methods...    [*]                                                                        (0.9s @ 0.76GB)
[8/8] Creating image...       [*]                                                                        (1.2s @ 0.26GB)
   5.70MB (35.78%) for code area:    14,383 compilation units
   9.52MB (59.77%) for image heap:  120,712 objects and 49 resources
 726.42kB ( 4.45%) for other data
  15.93MB in total
------------------------------------------------------------------------------------------------------------------------
Top 10 origins of code area:                                Top 10 object types in image heap:
   3.89MB java.base                                            2.15MB byte[] for code metadata
 945.20kB svm.jar (Native Image)                               1.55MB byte[] for java.lang.String
 312.93kB snakeyaml-engine-3.1.1.jar                           1.17MB java.lang.String
 140.91kB mundanereq                                         867.22kB java.lang.Class
 106.24kB java.logging                                       394.72kB heap alignment
  59.46kB org.graalvm.nativeimage.base                       351.23kB java.util.HashMap$Node
  33.25kB mundanereq.trace                                   321.92kB com.oracle.svm.core.hub.DynamicHubCompanion
  29.64kB jdk.proxy1                                         247.45kB byte[] for general heap data
  28.46kB jdk.proxy3                                         247.11kB java.lang.String[]
  22.71kB jdk.internal.vm.ci                                 222.73kB java.lang.Object[]
  77.39kB for 8 more packages                                  2.06MB for 1027 more object types
------------------------------------------------------------------------------------------------------------------------
Recommendations:
 INIT: Adopt '--strict-image-heap' to prepare for the next GraalVM release.
 HEAP: Set max heap for improved and more predictable memory usage.
------------------------------------------------------------------------------------------------------------------------
                        0.9s (7.1% of total time) in 99 GCs | Peak RSS: 1.57GB | CPU load: 12.56
------------------------------------------------------------------------------------------------------------------------
Produced artifacts:
 /tmp/mreq-ci-clean-checkout/build/maintained/mundanereq-trace (executable)
========================================================================================================================
Finished generating 'mundanereq-trace' in 11.9s.
build/maintained/mundanereq-trace --version
mundanereq-trace trial-0.1; source contract mundanereq-source-0.2
java -ea -cp build/maintained/classes:build/dependencies/snakeyaml-engine-3.1.1.jar mundanereq.boundary.NativeBoundaryIsolationTest \
	build/maintained/mundanereq-validate build/maintained/mundanereq-format build/maintained/mundanereq-trace
PASS independent native executable boundaries
java -ea -cp build/maintained/classes:build/dependencies/snakeyaml-engine-3.1.1.jar mundanereq.cli.ValidatorVerificationTest build/maintained/mundanereq-validate
PASS 9 valid project corpora
PASS 14 invalid conformance selections
PASS source selection and invocation classes
PASS bounded high-volume diagnostic capture
PASS diagnostic-guided repair workflows
OBSERVED native process duration: 1 ms (one-file corpus), 2 ms (20-file corpus); no threshold asserted.
PASS complete validator JVM/native verification
java -ea -cp build/maintained/classes:build/dependencies/snakeyaml-engine-3.1.1.jar mundanereq.cli.FormatterVerificationTest build/maintained/mundanereq-format
PASS semantic preservation and byte-identical idempotence across 30 source sets and 64 files
PASS ordered preservation of 37 comments and 102 opaque math lines
PASS formatter modes agree between JVM and native image
PASS complete formatter JVM/native verification
java -ea -cp build/maintained/classes:build/dependencies/snakeyaml-engine-3.1.1.jar mundanereq.cli.TraceVerificationTest build/maintained/mundanereq-trace
PASS published trace trial identity
PASS graph operations, layouts, ordering, ties, disconnection, and cycles
PASS missing-query and invalid-source behavior
PASS maintained UAS and transferred FRET corpus traces
PASS addition, split/retarget, coordinated-change, and retirement workflows
PASS complete trace JVM/native verification
test "/tmp/mreq-ci-clean-checkout/build/maintained/package" = "/tmp/mreq-ci-clean-checkout/build/maintained/package"
test "/tmp/mreq-ci-clean-checkout/build/maintained/package/mundanereq-native-suite-trial-0.1-linux-x86_64-glibc2.34" = "/tmp/mreq-ci-clean-checkout/build/maintained/package/mundanereq-native-suite-trial-0.1-linux-x86_64-glibc2.34"
test "$(uname -s)" = Linux
test "$(uname -m)" = x86_64
test "$(getconf GNU_LIBC_VERSION | sed 's/ .*//')" = glibc
test -f "/home/jack/.sdkman/candidates/java/21.0.2-graalce/LICENSE_NATIVEIMAGE.txt"
test -d "/home/jack/.sdkman/candidates/java/21.0.2-graalce/legal"
rm -rf "/tmp/mreq-ci-clean-checkout/build/maintained/package/mundanereq-native-suite-trial-0.1-linux-x86_64-glibc2.34"
mkdir -p "build/maintained/package/mundanereq-native-suite-trial-0.1-linux-x86_64-glibc2.34/bin" "build/maintained/package/mundanereq-native-suite-trial-0.1-linux-x86_64-glibc2.34/docs/contracts" "build/maintained/package/mundanereq-native-suite-trial-0.1-linux-x86_64-glibc2.34/LICENSES/GraalVM-JDK"
install -m 755 "build/maintained/mundanereq-validate" "build/maintained/mundanereq-format" "build/maintained/mundanereq-trace" "build/maintained/package/mundanereq-native-suite-trial-0.1-linux-x86_64-glibc2.34/bin/"
install -m 644 distribution/README.md "build/maintained/package/mundanereq-native-suite-trial-0.1-linux-x86_64-glibc2.34/README.md"
install -m 644 distribution/validate.md distribution/format.md distribution/trace.md distribution/THIRD-PARTY-NOTICES.md "build/maintained/package/mundanereq-native-suite-trial-0.1-linux-x86_64-glibc2.34/docs/"
install -m 644 specification/0007-validator-trial-contract-0.1.md specification/0008-formatter-trial-contract-0.1.md specification/0009-trace-trial-contract-0.1.md "build/maintained/package/mundanereq-native-suite-trial-0.1-linux-x86_64-glibc2.34/docs/contracts/"
install -m 644 LICENSE "build/maintained/package/mundanereq-native-suite-trial-0.1-linux-x86_64-glibc2.34/LICENSES/mundanereq-BSD-3-Clause.txt"
install -m 644 dependencies/SnakeYAML-Engine-LICENSE.txt "build/maintained/package/mundanereq-native-suite-trial-0.1-linux-x86_64-glibc2.34/LICENSES/"
install -m 644 dependencies/README.md "build/maintained/package/mundanereq-native-suite-trial-0.1-linux-x86_64-glibc2.34/LICENSES/YAML-DEPENDENCY.md"
install -m 644 specification/0010-requirements-yaml-0.3.md specification/0011-tool-safety-and-yaml-commands.md "build/maintained/package/mundanereq-native-suite-trial-0.1-linux-x86_64-glibc2.34/docs/contracts/"
mkdir -p "build/maintained/package/mundanereq-native-suite-trial-0.1-linux-x86_64-glibc2.34/docs/contracts/schema"
install -m 644 specification/schema/requirements-yaml-0.3.json "build/maintained/package/mundanereq-native-suite-trial-0.1-linux-x86_64-glibc2.34/docs/contracts/schema/"
install -m 644 "/home/jack/.sdkman/candidates/java/21.0.2-graalce/LICENSE_NATIVEIMAGE.txt" "build/maintained/package/mundanereq-native-suite-trial-0.1-linux-x86_64-glibc2.34/LICENSES/GraalVM-Native-Image.txt"
cp -R "/home/jack/.sdkman/candidates/java/21.0.2-graalce/legal/." "build/maintained/package/mundanereq-native-suite-trial-0.1-linux-x86_64-glibc2.34/LICENSES/GraalVM-JDK/"
install -m 644 build/maintained/generated/versions.json "build/maintained/package/mundanereq-native-suite-trial-0.1-linux-x86_64-glibc2.34/VERSIONS.json"
native-image --version > "build/maintained/package/mundanereq-native-suite-trial-0.1-linux-x86_64-glibc2.34/BUILD-ENVIRONMENT.txt"
uname -srm >> "build/maintained/package/mundanereq-native-suite-trial-0.1-linux-x86_64-glibc2.34/BUILD-ENVIRONMENT.txt"
javac -version >> "build/maintained/package/mundanereq-native-suite-trial-0.1-linux-x86_64-glibc2.34/BUILD-ENVIRONMENT.txt" 2>&1
gcc --version | sed -n '1p' >> "build/maintained/package/mundanereq-native-suite-trial-0.1-linux-x86_64-glibc2.34/BUILD-ENVIRONMENT.txt"
ldd --version | sed -n '1p' >> "build/maintained/package/mundanereq-native-suite-trial-0.1-linux-x86_64-glibc2.34/BUILD-ENVIRONMENT.txt"
make --version | sed -n '1p' >> "build/maintained/package/mundanereq-native-suite-trial-0.1-linux-x86_64-glibc2.34/BUILD-ENVIRONMENT.txt"
tar --version | sed -n '1p' >> "build/maintained/package/mundanereq-native-suite-trial-0.1-linux-x86_64-glibc2.34/BUILD-ENVIRONMENT.txt"
sha256sum --version | sed -n '1p' >> "build/maintained/package/mundanereq-native-suite-trial-0.1-linux-x86_64-glibc2.34/BUILD-ENVIRONMENT.txt"
objdump --version | sed -n '1p' >> "build/maintained/package/mundanereq-native-suite-trial-0.1-linux-x86_64-glibc2.34/BUILD-ENVIRONMENT.txt"
getconf GNU_LIBC_VERSION >> "build/maintained/package/mundanereq-native-suite-trial-0.1-linux-x86_64-glibc2.34/BUILD-ENVIRONMENT.txt"
echo 'Native Image CPU target: compatibility (x86-64 baseline)' >> "build/maintained/package/mundanereq-native-suite-trial-0.1-linux-x86_64-glibc2.34/BUILD-ENVIRONMENT.txt"
echo 'Package glibc symbol ceiling: GLIBC_2.34' >> "build/maintained/package/mundanereq-native-suite-trial-0.1-linux-x86_64-glibc2.34/BUILD-ENVIRONMENT.txt"
sha256sum "build/maintained/package/mundanereq-native-suite-trial-0.1-linux-x86_64-glibc2.34"/bin/* | sed 's#  build/maintained/package/mundanereq-native-suite-trial-0.1-linux-x86_64-glibc2.34/#  #' > "build/maintained/package/mundanereq-native-suite-trial-0.1-linux-x86_64-glibc2.34/SHA256SUMS"
tar --sort=name --mtime='UTC 1970-01-01' --owner=0 --group=0 --numeric-owner -czf "build/maintained/package/mundanereq-native-suite-trial-0.1-linux-x86_64-glibc2.34.tar.gz" -C "build/maintained/package" "mundanereq-native-suite-trial-0.1-linux-x86_64-glibc2.34"
sha256sum "build/maintained/package/mundanereq-native-suite-trial-0.1-linux-x86_64-glibc2.34.tar.gz" | sed 's#  .*/#  #' > "build/maintained/package/mundanereq-native-suite-trial-0.1-linux-x86_64-glibc2.34.tar.gz.sha256"
java -ea -cp build/maintained/classes:build/dependencies/snakeyaml-engine-3.1.1.jar mundanereq.distribution.NativeSuiteVerificationTest "build/maintained/package/mundanereq-native-suite-trial-0.1-linux-x86_64-glibc2.34" "build/maintained/package/mundanereq-native-suite-trial-0.1-linux-x86_64-glibc2.34.tar.gz" "build/maintained/package/mundanereq-native-suite-trial-0.1-linux-x86_64-glibc2.34.tar.gz.sha256" "/home/jack/.sdkman/candidates/java/21.0.2-graalce"
PASS package documentation, contracts, binaries, and legal notices
PASS exact project and selected-GraalVM notice set
PASS x86-64 compatibility target and GLIBC_2.34 symbol ceiling
PASS three independent tool and source-contract identities
PASS representative independent packaged operations
PASS packaged binary checksums
PASS exact safe archive and basename sidecar checksum
PASS each tool performs its purpose with no sibling installed
PASS complete native-suite package verification
java -ea -cp build/maintained/classes:build/dependencies/snakeyaml-engine-3.1.1.jar mundanereq.ci.CiWorkflowVerificationTest \
	build/maintained/mundanereq-format build/maintained/mundanereq-validate build/maintained/mundanereq-trace
PASS clean-checkout commands, attributed failures, disposable output, and trace removal
java -ea -cp build/maintained/classes:build/dependencies/snakeyaml-engine-3.1.1.jar mundanereq.trial.IntegratedToolchainTrialTest \
	build/maintained/mundanereq-format build/maintained/mundanereq-validate build/maintained/mundanereq-trace
PASS two deterministic branch-to-baseline workflows with and without trace
java -ea -cp build/maintained/classes:build/dependencies/snakeyaml-engine-3.1.1.jar mundanereq.trial.MultiAuthorLayoutTrialTest \
	build/maintained/mundanereq-format build/maintained/mundanereq-validate build/maintained/mundanereq-trace
OBSERVED SEPARATED SUBJECT baseline-files=6 final-files=6 changed-paths=2 conflicted-files=0 conflict-hunks=0 fingerprint=8e98c145ac6ac798ef627a539fb2077300d1128597d8551de585b4658f8ec060
OBSERVED SEPARATED ONE_RECORD baseline-files=60 final-files=60 changed-paths=2 conflicted-files=0 conflict-hunks=0 fingerprint=8e98c145ac6ac798ef627a539fb2077300d1128597d8551de585b4658f8ec060
OBSERVED OVERLAP SUBJECT baseline-files=6 final-files=6 changed-paths=1 conflicted-files=1 conflict-hunks=1 fingerprint=4d397b13f5375fa13cd7610aabcec648c8a397dd3fd6df1e12b8392d5d83bdc9
OBSERVED OVERLAP ONE_RECORD baseline-files=60 final-files=60 changed-paths=1 conflicted-files=1 conflict-hunks=1 fingerprint=4d397b13f5375fa13cd7610aabcec648c8a397dd3fd6df1e12b8392d5d83bdc9
OBSERVED MOVE_EDIT SUBJECT baseline-files=6 final-files=6 changed-paths=2 conflicted-files=1 conflict-hunks=1 fingerprint=097b76977cbf425f64f8f55c557740aacabe60ff49d326b6b6ab4d79d5574e3f
OBSERVED MOVE_EDIT ONE_RECORD baseline-files=60 final-files=60 changed-paths=2 conflicted-files=0 conflict-hunks=0 fingerprint=097b76977cbf425f64f8f55c557740aacabe60ff49d326b6b6ab4d79d5574e3f
OBSERVED RETARGET SUBJECT baseline-files=6 final-files=6 changed-paths=1 conflicted-files=1 conflict-hunks=1 fingerprint=66e71cd30c8a9953956a6e9c777a66c15ae3e94721ae5f6121fb1ed51f42425f
OBSERVED RETARGET ONE_RECORD baseline-files=61 final-files=61 changed-paths=1 conflicted-files=1 conflict-hunks=1 fingerprint=66e71cd30c8a9953956a6e9c777a66c15ae3e94721ae5f6121fb1ed51f42425f
PASS controlled two-author histories and equivalent final semantics
experiments/0015-independent-conformance/compare.rb \
	build/maintained/mundanereq-validate build/maintained/independent-conformance
PASS 16 independent verdicts and both complete semantic inventories agree
native-image -O0 --no-fallback -march=compatibility -cp build/maintained/classes:build/dependencies/snakeyaml-engine-3.1.1.jar -o /tmp/mreq-ci-clean-checkout/build/maintained/mundanereq-migrate mundanereq.cli.MigrateMain
========================================================================================================================
GraalVM Native Image: Generating 'mundanereq-migrate' (executable)...
========================================================================================================================
For detailed information and explanations on the build output, visit:
https://github.com/oracle/graal/blob/master/docs/reference-manual/native-image/BuildOutput.md
------------------------------------------------------------------------------------------------------------------------
[1/8] Initializing...                                                                                    (2.5s @ 0.08GB)
 Java version: 21.0.2+13, vendor version: GraalVM CE 21.0.2+13.1
 Graal compiler: optimization level: 0, target machine: compatibility
 C compiler: gcc (linux, x86_64, 13.3.0)
 Garbage collector: Serial GC (max heap size: 80% of RAM)
 1 user-specific feature(s):
 - com.oracle.svm.thirdparty.gson.GsonFeature
------------------------------------------------------------------------------------------------------------------------
Build resources:
 - 25.88GB of memory (82.9% of 31.21GB system memory, determined at start)
 - 32 thread(s) (100.0% of 32 available processor(s), determined at start)
[2/8] Performing analysis...  [*****]                                                                    (3.1s @ 0.33GB)
    3,725 reachable types   (76.2% of    4,887 total)
    4,533 reachable fields  (53.8% of    8,431 total)
   17,397 reachable methods (46.9% of   37,097 total)
    1,116 types,   312 fields, and   834 methods registered for reflection
       57 types,    57 fields, and    52 methods registered for JNI access
        4 native libraries: dl, pthread, rt, z
[3/8] Building universe...                                                                               (1.1s @ 0.43GB)
[4/8] Parsing methods...      [*]                                                                        (0.6s @ 0.40GB)
[5/8] Inlining methods...     [**]                                                                       (0.1s @ 0.43GB)
[6/8] Compiling methods...    [**]                                                                       (2.4s @ 0.83GB)
[7/8] Layouting methods...    [*]                                                                        (1.0s @ 0.62GB)
[8/8] Creating image...       [*]                                                                        (1.0s @ 0.56GB)
   5.67MB (35.67%) for code area:    14,301 compilation units
   9.52MB (59.87%) for image heap:  120,204 objects and 49 resources
 725.95kB ( 4.46%) for other data
  15.89MB in total
------------------------------------------------------------------------------------------------------------------------
Top 10 origins of code area:                                Top 10 object types in image heap:
   3.89MB java.base                                            2.15MB byte[] for code metadata
 938.00kB svm.jar (Native Image)                               1.55MB byte[] for java.lang.String
 312.93kB snakeyaml-engine-3.1.1.jar                           1.16MB java.lang.String
 139.87kB mundanereq                                         861.54kB java.lang.Class
 106.24kB java.logging                                       429.48kB heap alignment
  59.46kB org.graalvm.nativeimage.base                       351.23kB java.util.HashMap$Node
  29.64kB jdk.proxy1                                         320.12kB com.oracle.svm.core.hub.DynamicHubCompanion
  28.46kB jdk.proxy3                                         247.49kB byte[] for general heap data
  24.40kB mundanereq.cli                                     246.66kB java.lang.String[]
  22.71kB jdk.internal.vm.ci                                 222.68kB java.lang.Object[]
  59.42kB for 7 more packages                                  2.04MB for 1018 more object types
------------------------------------------------------------------------------------------------------------------------
Recommendations:
 INIT: Adopt '--strict-image-heap' to prepare for the next GraalVM release.
 HEAP: Set max heap for improved and more predictable memory usage.
------------------------------------------------------------------------------------------------------------------------
                        1.1s (9.0% of total time) in 89 GCs | Peak RSS: 1.61GB | CPU load: 12.76
------------------------------------------------------------------------------------------------------------------------
Produced artifacts:
 /tmp/mreq-ci-clean-checkout/build/maintained/mundanereq-migrate (executable)
========================================================================================================================
Finished generating 'mundanereq-migrate' in 12.1s.
build/maintained/mundanereq-migrate --version
mundanereq-migrate trial-0.1; mundanereq-source-0.2 -> mundanereq-yaml-0.3
java -ea -cp build/maintained/classes:build/dependencies/snakeyaml-engine-3.1.1.jar mundanereq.cli.YamlVerificationTest build/maintained/mundanereq-validate build/maintained/mundanereq-format build/maintained/mundanereq-trace build/maintained/mundanereq-migrate
PASS 120 equivalent requirements across 3 migration corpora; 18 golden invalid cases; JVM/native validation, trace, formatting, migration, closed descriptors and broken pipes
python3 scripts/check-versions.py "trial-0.1"
PASS independent version declarations, actual CLI metadata, stale metadata and isolated version-domain mutation
native-image -O0 --no-fallback -march=compatibility -cp build/maintained/classes:build/dependencies/snakeyaml-engine-3.1.1.jar -o /tmp/mreq-ci-clean-checkout/build/maintained/mundanereq-compile mundanereq.cli.CompileMain
========================================================================================================================
GraalVM Native Image: Generating 'mundanereq-compile' (executable)...
========================================================================================================================
For detailed information and explanations on the build output, visit:
https://github.com/oracle/graal/blob/master/docs/reference-manual/native-image/BuildOutput.md
------------------------------------------------------------------------------------------------------------------------
[1/8] Initializing...                                                                                    (2.4s @ 0.08GB)
 Java version: 21.0.2+13, vendor version: GraalVM CE 21.0.2+13.1
 Graal compiler: optimization level: 0, target machine: compatibility
 C compiler: gcc (linux, x86_64, 13.3.0)
 Garbage collector: Serial GC (max heap size: 80% of RAM)
 1 user-specific feature(s):
 - com.oracle.svm.thirdparty.gson.GsonFeature
------------------------------------------------------------------------------------------------------------------------
Build resources:
 - 25.90GB of memory (83.0% of 31.21GB system memory, determined at start)
 - 32 thread(s) (100.0% of 32 available processor(s), determined at start)
[2/8] Performing analysis...  [*****]                                                                    (3.5s @ 0.32GB)
    3,850 reachable types   (76.0% of    5,068 total)
    4,681 reachable fields  (52.3% of    8,953 total)
   17,980 reachable methods (47.3% of   38,007 total)
    1,160 types,   323 fields, and   873 methods registered for reflection
       57 types,    57 fields, and    52 methods registered for JNI access
        4 native libraries: dl, pthread, rt, z
[3/8] Building universe...                                                                               (0.8s @ 0.47GB)
[4/8] Parsing methods...      [*]                                                                        (0.6s @ 0.54GB)
[5/8] Inlining methods...     [**]                                                                       (0.1s @ 0.48GB)
[6/8] Compiling methods...    [**]                                                                       (2.4s @ 0.78GB)
[7/8] Layouting methods...    [*]                                                                        (0.9s @ 0.59GB)
[8/8] Creating image...       [*]                                                                        (1.1s @ 0.77GB)
   5.97MB (35.51%) for code area:    14,785 compilation units
  10.11MB (60.20%) for image heap:  131,678 objects and 49 resources
 738.22kB ( 4.29%) for other data
  16.80MB in total
------------------------------------------------------------------------------------------------------------------------
Top 10 origins of code area:                                Top 10 object types in image heap:
   4.15MB java.base                                            2.25MB byte[] for code metadata
 947.79kB svm.jar (Native Image)                               1.68MB byte[] for java.lang.String
 312.93kB snakeyaml-engine-3.1.1.jar                           1.26MB java.lang.String
 140.97kB mundanereq                                         891.24kB java.lang.Class
 106.24kB java.logging                                       361.50kB java.util.HashMap$Node
  59.46kB org.graalvm.nativeimage.base                       337.24kB heap alignment
  31.51kB mundanereq.compile                                 330.86kB com.oracle.svm.core.hub.DynamicHubCompanion
  29.64kB jdk.proxy1                                         265.87kB java.lang.String[]
  28.46kB jdk.proxy3                                         248.19kB byte[] for general heap data
  22.71kB jdk.internal.vm.ci                                 246.48kB java.lang.Object[]
  76.69kB for 8 more packages                                  2.30MB for 1065 more object types
------------------------------------------------------------------------------------------------------------------------
Recommendations:
 INIT: Adopt '--strict-image-heap' to prepare for the next GraalVM release.
 HEAP: Set max heap for improved and more predictable memory usage.
------------------------------------------------------------------------------------------------------------------------
                        0.9s (7.5% of total time) in 95 GCs | Peak RSS: 1.65GB | CPU load: 12.78
------------------------------------------------------------------------------------------------------------------------
Produced artifacts:
 /tmp/mreq-ci-clean-checkout/build/maintained/mundanereq-compile (executable)
========================================================================================================================
Finished generating 'mundanereq-compile' in 12.0s.
build/maintained/mundanereq-compile --version
mundanereq-compile experimental-0.1; source contract mundanereq-source-0.2; output mundanereq-requirements-0.1; command compile-cli-0.1
python3 scripts/check-compiled-artifacts.py build/maintained/mundanereq-compile
PASS compiled contract golden bytes: valid/multifile/Unicode/math, invalid, duplicate and dangling; JVM/native
PASS 8 source corpora: source spans/checksums, deterministic reordered selection, 120 equivalent migrated requirements
PASS legacy and YAML adversarial corpora: no partial requirement publication; JVM/native diagnostic parity
PASS isolated consumer, exact source versus semantic changes, independent checkout, resource/input/format failures and real JVM/native broken output
python3 experiments/0027-compilation-linking/run.py
PASS experiment 0027: 57 requirements, 13 cases, two identical clean rebuilds; serialized-only consumer
native-image -O0 --no-fallback -march=compatibility -cp build/maintained/classes -o /tmp/mreq-ci-clean-checkout/build/maintained/mundane-link engineering.artifacts.LinkMain
========================================================================================================================
GraalVM Native Image: Generating 'mundane-link' (executable)...
========================================================================================================================
For detailed information and explanations on the build output, visit:
https://github.com/oracle/graal/blob/master/docs/reference-manual/native-image/BuildOutput.md
------------------------------------------------------------------------------------------------------------------------
[1/8] Initializing...                                                                                    (2.4s @ 0.07GB)
 Java version: 21.0.2+13, vendor version: GraalVM CE 21.0.2+13.1
 Graal compiler: optimization level: 0, target machine: compatibility
 C compiler: gcc (linux, x86_64, 13.3.0)
 Garbage collector: Serial GC (max heap size: 80% of RAM)
 1 user-specific feature(s):
 - com.oracle.svm.thirdparty.gson.GsonFeature
------------------------------------------------------------------------------------------------------------------------
Build resources:
 - 25.88GB of memory (82.9% of 31.21GB system memory, determined at start)
 - 32 thread(s) (100.0% of 32 available processor(s), determined at start)
[2/8] Performing analysis...  [*****]                                                                    (3.2s @ 0.48GB)
    3,521 reachable types   (74.1% of    4,750 total)
    4,211 reachable fields  (50.3% of    8,366 total)
   16,851 reachable methods (46.1% of   36,566 total)
    1,084 types,   237 fields, and   828 methods registered for reflection
       57 types,    57 fields, and    52 methods registered for JNI access
        4 native libraries: dl, pthread, rt, z
[3/8] Building universe...                                                                               (0.9s @ 0.49GB)
[4/8] Parsing methods...      [*]                                                                        (0.6s @ 0.46GB)
[5/8] Inlining methods...     [**]                                                                       (0.1s @ 0.57GB)
[6/8] Compiling methods...    [**]                                                                       (2.2s @ 0.58GB)
[7/8] Layouting methods...    [*]                                                                        (0.9s @ 0.78GB)
[8/8] Creating image...       [*]                                                                        (1.2s @ 0.49GB)
   5.46MB (35.01%) for code area:    13,897 compilation units
   9.45MB (60.59%) for image heap:  124,730 objects and 49 resources
 702.84kB ( 4.40%) for other data
  15.59MB in total
------------------------------------------------------------------------------------------------------------------------
Top 10 origins of code area:                                Top 10 object types in image heap:
   4.04MB java.base                                            2.07MB byte[] for code metadata
 940.32kB svm.jar (Native Image)                               1.61MB byte[] for java.lang.String
 130.84kB engineering.artifacts                                1.21MB java.lang.String
 106.24kB java.logging                                       815.77kB java.lang.Class
  59.46kB org.graalvm.nativeimage.base                       361.41kB java.util.HashMap$Node
  29.64kB jdk.proxy1                                         302.59kB com.oracle.svm.core.hub.DynamicHubCompanion
  28.46kB jdk.proxy3                                         282.96kB heap alignment
  22.71kB jdk.internal.vm.ci                                 256.81kB java.lang.String[]
  20.38kB org.graalvm.collections                            247.95kB byte[] for general heap data
   8.15kB jdk.internal.vm.compiler                           233.66kB java.lang.Object[]
  10.34kB for 4 more packages                                  2.12MB for 1009 more object types
------------------------------------------------------------------------------------------------------------------------
Recommendations:
 INIT: Adopt '--strict-image-heap' to prepare for the next GraalVM release.
 HEAP: Set max heap for improved and more predictable memory usage.
------------------------------------------------------------------------------------------------------------------------
                        0.9s (7.7% of total time) in 91 GCs | Peak RSS: 1.58GB | CPU load: 12.57
------------------------------------------------------------------------------------------------------------------------
Produced artifacts:
 /tmp/mreq-ci-clean-checkout/build/maintained/mundane-link (executable)
========================================================================================================================
Finished generating 'mundane-link' in 11.6s.
build/maintained/mundane-link --version
mundane-link experimental-0.1; mundane-imports-0.1; mundane-linked-0.1; link-cli-0.1
python3 scripts/check-artifact-linking.py build/maintained/mundane-link
PASS linker: 57 source-linked edges; 18 invalid cases; qualification, contexts, cycles, actual two-repository pinned/current imports, parser-free JVM/native parity and output failures
native-image -O0 --no-fallback -march=compatibility -cp build/maintained/classes -o /tmp/mreq-ci-clean-checkout/build/maintained/mundane-plan engineering.verification.PlanMain
========================================================================================================================
GraalVM Native Image: Generating 'mundane-plan' (executable)...
========================================================================================================================
For detailed information and explanations on the build output, visit:
https://github.com/oracle/graal/blob/master/docs/reference-manual/native-image/BuildOutput.md
------------------------------------------------------------------------------------------------------------------------
[1/8] Initializing...                                                                                    (2.4s @ 0.07GB)
 Java version: 21.0.2+13, vendor version: GraalVM CE 21.0.2+13.1
 Graal compiler: optimization level: 0, target machine: compatibility
 C compiler: gcc (linux, x86_64, 13.3.0)
 Garbage collector: Serial GC (max heap size: 80% of RAM)
 1 user-specific feature(s):
 - com.oracle.svm.thirdparty.gson.GsonFeature
------------------------------------------------------------------------------------------------------------------------
Build resources:
 - 25.86GB of memory (82.9% of 31.21GB system memory, determined at start)
 - 32 thread(s) (100.0% of 32 available processor(s), determined at start)
[2/8] Performing analysis...  [*****]                                                                    (3.1s @ 0.45GB)
    3,519 reachable types   (74.1% of    4,748 total)
    4,207 reachable fields  (50.3% of    8,362 total)
   16,837 reachable methods (46.0% of   36,563 total)
    1,084 types,   235 fields, and   828 methods registered for reflection
       57 types,    57 fields, and    52 methods registered for JNI access
        4 native libraries: dl, pthread, rt, z
[3/8] Building universe...                                                                               (0.9s @ 0.42GB)
[4/8] Parsing methods...      [*]                                                                        (0.6s @ 0.42GB)
[5/8] Inlining methods...     [**]                                                                       (0.1s @ 0.53GB)
[6/8] Compiling methods...    [**]                                                                       (2.3s @ 0.77GB)
[7/8] Layouting methods...    [*]                                                                        (0.8s @ 0.59GB)
[8/8] Creating image...       [*]                                                                        (1.0s @ 0.75GB)
   5.43MB (34.89%) for code area:    13,887 compilation units
   9.44MB (60.69%) for image heap:  124,581 objects and 49 resources
 703.31kB ( 4.42%) for other data
  15.55MB in total
------------------------------------------------------------------------------------------------------------------------
Top 10 origins of code area:                                Top 10 object types in image heap:
   4.04MB java.base                                            2.06MB byte[] for code metadata
 940.29kB svm.jar (Native Image)                               1.60MB byte[] for java.lang.String
 106.24kB java.logging                                         1.21MB java.lang.String
  59.46kB org.graalvm.nativeimage.base                       815.27kB java.lang.Class
  57.87kB engineering.artifacts                              361.41kB java.util.HashMap$Node
  37.38kB engineering.verification                           302.41kB com.oracle.svm.core.hub.DynamicHubCompanion
  29.64kB jdk.proxy1                                         293.23kB heap alignment
  28.46kB jdk.proxy3                                         256.33kB java.lang.String[]
  22.71kB jdk.internal.vm.ci                                 247.92kB byte[] for general heap data
  20.38kB org.graalvm.collections                            233.58kB java.lang.Object[]
  18.48kB for 5 more packages                                  2.12MB for 1007 more object types
------------------------------------------------------------------------------------------------------------------------
Recommendations:
 INIT: Adopt '--strict-image-heap' to prepare for the next GraalVM release.
 HEAP: Set max heap for improved and more predictable memory usage.
------------------------------------------------------------------------------------------------------------------------
                        0.8s (6.9% of total time) in 91 GCs | Peak RSS: 1.54GB | CPU load: 12.74
------------------------------------------------------------------------------------------------------------------------
Produced artifacts:
 /tmp/mreq-ci-clean-checkout/build/maintained/mundane-plan (executable)
========================================================================================================================
Finished generating 'mundane-plan' in 11.5s.
build/maintained/mundane-plan --version
mundane-plan experimental-0.1; mundane-plan-source-0.1; mundane-plan-0.1; plan-cli-0.1
native-image -O0 --no-fallback -march=compatibility -cp build/maintained/classes -o /tmp/mreq-ci-clean-checkout/build/maintained/mundane-verify engineering.verification.VerifyMain
========================================================================================================================
GraalVM Native Image: Generating 'mundane-verify' (executable)...
========================================================================================================================
For detailed information and explanations on the build output, visit:
https://github.com/oracle/graal/blob/master/docs/reference-manual/native-image/BuildOutput.md
------------------------------------------------------------------------------------------------------------------------
[1/8] Initializing...                                                                                    (2.3s @ 0.07GB)
 Java version: 21.0.2+13, vendor version: GraalVM CE 21.0.2+13.1
 Graal compiler: optimization level: 0, target machine: compatibility
 C compiler: gcc (linux, x86_64, 13.3.0)
 Garbage collector: Serial GC (max heap size: 80% of RAM)
 1 user-specific feature(s):
 - com.oracle.svm.thirdparty.gson.GsonFeature
------------------------------------------------------------------------------------------------------------------------
Build resources:
 - 25.83GB of memory (82.8% of 31.21GB system memory, determined at start)
 - 32 thread(s) (100.0% of 32 available processor(s), determined at start)
[2/8] Performing analysis...  [*****]                                                                    (3.3s @ 0.39GB)
    3,552 reachable types   (74.3% of    4,781 total)
    4,249 reachable fields  (50.5% of    8,407 total)
   16,934 reachable methods (46.1% of   36,703 total)
    1,089 types,   246 fields, and   830 methods registered for reflection
       57 types,    57 fields, and    52 methods registered for JNI access
        4 native libraries: dl, pthread, rt, z
[3/8] Building universe...                                                                               (0.8s @ 0.45GB)
[4/8] Parsing methods...      [*]                                                                        (0.6s @ 0.45GB)
[5/8] Inlining methods...     [**]                                                                       (0.1s @ 0.56GB)
[6/8] Compiling methods...    [**]                                                                       (2.3s @ 0.83GB)
[7/8] Layouting methods...    [*]                                                                        (0.9s @ 0.61GB)
[8/8] Creating image...       [*]                                                                        (1.0s @ 0.78GB)
   5.50MB (35.16%) for code area:    13,973 compilation units
   9.46MB (60.41%) for image heap:  125,125 objects and 49 resources
 710.89kB ( 4.43%) for other data
  15.66MB in total
------------------------------------------------------------------------------------------------------------------------
Top 10 origins of code area:                                Top 10 object types in image heap:
   4.06MB java.base                                            2.09MB byte[] for code metadata
 940.87kB svm.jar (Native Image)                               1.61MB byte[] for java.lang.String
 132.46kB engineering.artifacts                                1.21MB java.lang.String
 106.24kB java.logging                                       824.28kB java.lang.Class
  59.46kB org.graalvm.nativeimage.base                       361.41kB java.util.HashMap$Node
  29.64kB jdk.proxy1                                         305.25kB com.oracle.svm.core.hub.DynamicHubCompanion
  28.46kB jdk.proxy3                                         257.35kB java.lang.String[]
  22.71kB jdk.internal.vm.ci                                 250.69kB heap alignment
  20.80kB engineering.verification                           248.00kB byte[] for general heap data
  20.38kB org.graalvm.collections                            233.73kB java.lang.Object[]
  18.48kB for 5 more packages                                  2.12MB for 1019 more object types
------------------------------------------------------------------------------------------------------------------------
Recommendations:
 INIT: Adopt '--strict-image-heap' to prepare for the next GraalVM release.
 HEAP: Set max heap for improved and more predictable memory usage.
------------------------------------------------------------------------------------------------------------------------
                        0.8s (6.6% of total time) in 89 GCs | Peak RSS: 1.57GB | CPU load: 12.83
------------------------------------------------------------------------------------------------------------------------
Produced artifacts:
 /tmp/mreq-ci-clean-checkout/build/maintained/mundane-verify (executable)
========================================================================================================================
Finished generating 'mundane-verify' in 11.5s.
build/maintained/mundane-verify --version
mundane-verify experimental-0.1; mundane-verification-0.1; verification-cli-0.1
python3 scripts/check-verification-workflow.py build/maintained/mundane-plan build/maintained/mundane-verify
PASS plan/analyzer: compiled design fixture, 57 assertions, 13 invalid source cases, current/stale/uncovered/blocked results, edit/rebuild matrix and JVM/native broken output
python3 experiments/0029-verification-report/run.py
PASS report: clean committed input archive, identical rebuild/golden, 57 assertions and 2 stale rows, rebaseline updates, invalid-input rejection, escaped prose/math, broken output
